Archive member included to satisfy reference by file (symbol)

e:/personal/installed/gnu tools arm embedded/7 2017-q4-major/bin/../lib/gcc/arm-none-eabi/7.2.1/../../../../arm-none-eabi/lib/thumb/v6-m\libc_nano.a(lib_a-exit.o)
                              e:/personal/installed/gnu tools arm embedded/7 2017-q4-major/bin/../lib/gcc/arm-none-eabi/7.2.1/../../../../arm-none-eabi/lib/thumb/v6-m/crt0.o (exit)
e:/personal/installed/gnu tools arm embedded/7 2017-q4-major/bin/../lib/gcc/arm-none-eabi/7.2.1/../../../../arm-none-eabi/lib/thumb/v6-m\libc_nano.a(lib_a-impure.o)
                              e:/personal/installed/gnu tools arm embedded/7 2017-q4-major/bin/../lib/gcc/arm-none-eabi/7.2.1/../../../../arm-none-eabi/lib/thumb/v6-m\libc_nano.a(lib_a-exit.o) (_global_impure_ptr)
e:/personal/installed/gnu tools arm embedded/7 2017-q4-major/bin/../lib/gcc/arm-none-eabi/7.2.1/../../../../arm-none-eabi/lib/thumb/v6-m\libc_nano.a(lib_a-init.o)
                              e:/personal/installed/gnu tools arm embedded/7 2017-q4-major/bin/../lib/gcc/arm-none-eabi/7.2.1/../../../../arm-none-eabi/lib/thumb/v6-m/crt0.o (__libc_init_array)
e:/personal/installed/gnu tools arm embedded/7 2017-q4-major/bin/../lib/gcc/arm-none-eabi/7.2.1/../../../../arm-none-eabi/lib/thumb/v6-m\libc_nano.a(lib_a-memset.o)
                              e:/personal/installed/gnu tools arm embedded/7 2017-q4-major/bin/../lib/gcc/arm-none-eabi/7.2.1/../../../../arm-none-eabi/lib/thumb/v6-m/crt0.o (memset)
e:/personal/installed/gnu tools arm embedded/7 2017-q4-major/bin/../lib/gcc/arm-none-eabi/7.2.1/../../../../arm-none-eabi/lib/thumb/v6-m\libnosys.a(_exit.o)
                              e:/personal/installed/gnu tools arm embedded/7 2017-q4-major/bin/../lib/gcc/arm-none-eabi/7.2.1/../../../../arm-none-eabi/lib/thumb/v6-m\libc_nano.a(lib_a-exit.o) (_exit)
e:/personal/installed/gnu tools arm embedded/7 2017-q4-major/bin/../lib/gcc/arm-none-eabi/7.2.1/thumb/v6-m\libgcc.a(_udivsi3.o)
                              _build/nrf51422_xxac_bsp.c.o (__aeabi_uidiv)
e:/personal/installed/gnu tools arm embedded/7 2017-q4-major/bin/../lib/gcc/arm-none-eabi/7.2.1/thumb/v6-m\libgcc.a(_divsi3.o)
                              _build/nrf51422_xxac_bsp.c.o (__aeabi_idiv)
e:/personal/installed/gnu tools arm embedded/7 2017-q4-major/bin/../lib/gcc/arm-none-eabi/7.2.1/thumb/v6-m\libgcc.a(_dvmd_tls.o)
                              e:/personal/installed/gnu tools arm embedded/7 2017-q4-major/bin/../lib/gcc/arm-none-eabi/7.2.1/thumb/v6-m\libgcc.a(_udivsi3.o) (__aeabi_idiv0)
e:/personal/installed/gnu tools arm embedded/7 2017-q4-major/bin/../lib/gcc/arm-none-eabi/7.2.1/../../../../arm-none-eabi/lib/thumb/v6-m\libc_nano.a(lib_a-locale.o)
                              _build/nrf51422_xxac_nrf_log_backend_serial.c.o (__locale_ctype_ptr)
e:/personal/installed/gnu tools arm embedded/7 2017-q4-major/bin/../lib/gcc/arm-none-eabi/7.2.1/../../../../arm-none-eabi/lib/thumb/v6-m\libc_nano.a(lib_a-mbtowc_r.o)
                              e:/personal/installed/gnu tools arm embedded/7 2017-q4-major/bin/../lib/gcc/arm-none-eabi/7.2.1/../../../../arm-none-eabi/lib/thumb/v6-m\libc_nano.a(lib_a-locale.o) (__ascii_mbtowc)
e:/personal/installed/gnu tools arm embedded/7 2017-q4-major/bin/../lib/gcc/arm-none-eabi/7.2.1/../../../../arm-none-eabi/lib/thumb/v6-m\libc_nano.a(lib_a-memcmp.o)
                              _build/nrf51422_xxac_id_manager.c.o (memcmp)
e:/personal/installed/gnu tools arm embedded/7 2017-q4-major/bin/../lib/gcc/arm-none-eabi/7.2.1/../../../../arm-none-eabi/lib/thumb/v6-m\libc_nano.a(lib_a-memcpy-stub.o)
                              _build/nrf51422_xxac_nrf_log_backend_serial.c.o (memcpy)
e:/personal/installed/gnu tools arm embedded/7 2017-q4-major/bin/../lib/gcc/arm-none-eabi/7.2.1/../../../../arm-none-eabi/lib/thumb/v6-m\libc_nano.a(lib_a-snprintf.o)
                              _build/nrf51422_xxac_nrf_log_backend_serial.c.o (snprintf)
e:/personal/installed/gnu tools arm embedded/7 2017-q4-major/bin/../lib/gcc/arm-none-eabi/7.2.1/../../../../arm-none-eabi/lib/thumb/v6-m\libc_nano.a(lib_a-strcmp.o)
                              e:/personal/installed/gnu tools arm embedded/7 2017-q4-major/bin/../lib/gcc/arm-none-eabi/7.2.1/../../../../arm-none-eabi/lib/thumb/v6-m\libc_nano.a(lib_a-locale.o) (strcmp)
e:/personal/installed/gnu tools arm embedded/7 2017-q4-major/bin/../lib/gcc/arm-none-eabi/7.2.1/../../../../arm-none-eabi/lib/thumb/v6-m\libc_nano.a(lib_a-strcpy.o)
                              _build/nrf51422_xxac_SEGGER_RTT.c.o (strcpy)
e:/personal/installed/gnu tools arm embedded/7 2017-q4-major/bin/../lib/gcc/arm-none-eabi/7.2.1/../../../../arm-none-eabi/lib/thumb/v6-m\libc_nano.a(lib_a-strlen.o)
                              _build/nrf51422_xxac_nrf_log_backend_serial.c.o (strlen)
[...]
Memory Configuration

Name             Origin             Length             Attributes
FLASH            0x0001b000         0x00025000         xr
RAM              0x20001fe8         0x00006018         xrw
*default*        0x00000000         0xffffffff

Linker script and memory map


.text           0x0001b000     0xf700
 *(.isr_vector)
 .isr_vector    0x0001b000       0xc0 _build/nrf51422_xxac_gcc_startup_nrf51.S.o
                0x0001b000                __isr_vector
 *(.text*)
 .text          0x0001b0c0       0x48 e:/personal/installed/gnu tools arm embedded/7 2017-q4-major/bin/../lib/gcc/arm-none-eabi/7.2.1/thumb/v6-m/crtbegin.o
 .text          0x0001b108       0x78 e:/personal/installed/gnu tools arm embedded/7 2017-q4-major/bin/../lib/gcc/arm-none-eabi/7.2.1/../../../../arm-none-eabi/lib/thumb/v6-m/crt0.o
                0x0001b108                _start
                0x0001b108                _mainCRTStartup
 .text.exit     0x0001b180       0x2c e:/personal/installed/gnu tools arm embedded/7 2017-q4-major/bin/../lib/gcc/arm-none-eabi/7.2.1/../../../../arm-none-eabi/lib/thumb/v6-m\libc_nano.a(lib_a-exit.o)
                0x0001b180                exit
 .text.__libc_init_array
                0x0001b1ac       0x48 e:/personal/installed/gnu tools arm embedded/7 2017-q4-major/bin/../lib/gcc/arm-none-eabi/7.2.1/../../../../arm-none-eabi/lib/thumb/v6-m\libc_nano.a(lib_a-init.o)
                0x0001b1ac                __libc_init_array
 .text.memset   0x0001b1f4       0x10 e:/personal/installed/gnu tools arm embedded/7 2017-q4-major/bin/../lib/gcc/arm-none-eabi/7.2.1/../../../../arm-none-eabi/lib/thumb/v6-m\libc_nano.a(lib_a-memset.o)
                0x0001b1f4                memset
 .text._exit    0x0001b204        0x4 e:/personal/installed/gnu tools arm embedded/7 2017-q4-major/bin/../lib/gcc/arm-none-eabi/7.2.1/../../../../arm-none-eabi/lib/thumb/v6-m\libnosys.a(_exit.o)
                0x0001b204                _exit
 .text.uart_event_handler
                0x0001b208       0x10 _build/nrf51422_xxac_nrf_log_backend_serial.c.o
 .text.nrf_log_backend_serial_hexdump_handler
                0x0001b218      0x1e4 _build/nrf51422_xxac_nrf_log_backend_serial.c.o
 .text.nrf_log_backend_serial_std_handler
                0x0001b3fc      0x1e0 _build/nrf51422_xxac_nrf_log_backend_serial.c.o
 .text.nrf_log_backend_init
                0x0001b5dc       0x88 _build/nrf51422_xxac_nrf_log_backend_serial.c.o
                0x0001b5dc                nrf_log_backend_init
 .text.nrf_log_backend_std_handler_get
                0x0001b664        0x8 _build/nrf51422_xxac_nrf_log_backend_serial.c.o
                0x0001b664                nrf_log_backend_std_handler_get
 .text.nrf_log_backend_hexdump_handler_get
                0x0001b66c        0x8 _build/nrf51422_xxac_nrf_log_backend_serial.c.o
                0x0001b66c                nrf_log_backend_hexdump_handler_get
 .text.nrf_log_init
                0x0001b674       0x38 _build/nrf51422_xxac_nrf_log_frontend.c.o
                0x0001b674                nrf_log_init
 .text.nrf_log_blocking_backend_set
                0x0001b6ac        0xc _build/nrf51422_xxac_nrf_log_frontend.c.o
                0x0001b6ac                nrf_log_blocking_backend_set
 .text.nrf_log_frontend_std_0
                0x0001b6b8       0x90 _build/nrf51422_xxac_nrf_log_frontend.c.o
                0x0001b6b8                nrf_log_frontend_std_0
 .text.nrf_log_frontend_std_1
                0x0001b748       0xa4 _build/nrf51422_xxac_nrf_log_frontend.c.o
                0x0001b748                nrf_log_frontend_std_1
 .text.nrf_log_frontend_std_2
                0x0001b7ec       0xb8 _build/nrf51422_xxac_nrf_log_frontend.c.o
                0x0001b7ec                nrf_log_frontend_std_2
 .text.nrf_log_frontend_std_3
                0x0001b8a4       0xc4 _build/nrf51422_xxac_nrf_log_frontend.c.o
                0x0001b8a4                nrf_log_frontend_std_3
 .text.nrf_log_frontend_dequeue
                0x0001b968      0x174 _build/nrf51422_xxac_nrf_log_frontend.c.o
                0x0001b968                nrf_log_frontend_dequeue
 .text.detection_delay_timeout_handler
                0x0001badc       0xa0 _build/nrf51422_xxac_app_button.c.o
 .text.gpiote_event_handler
                0x0001bb7c       0x5c _build/nrf51422_xxac_app_button.c.o
 .text.app_button_init
                0x0001bbd8       0xb0 _build/nrf51422_xxac_app_button.c.o
                0x0001bbd8                app_button_init
 .text.app_button_enable
                0x0001bc88       0x30 _build/nrf51422_xxac_app_button.c.o
                0x0001bc88                app_button_enable
 .text.app_error_handler_bare
                0x0001bcb8       0x20 _build/nrf51422_xxac_app_error.c.o
                0x0001bcb8                app_error_handler_bare
 .text.app_error_fault_handler
                0x0001bcd8       0x34 _build/nrf51422_xxac_app_error_weak.c.o
                0x0001bcd8                app_error_fault_handler
 .text.app_sched_init
                0x0001bd0c       0x48 _build/nrf51422_xxac_app_scheduler.c.o
                0x0001bd0c                app_sched_init
 .text.app_sched_event_put
                0x0001bd54       0xd8 _build/nrf51422_xxac_app_scheduler.c.o
                0x0001bd54                app_sched_event_put
 .text.app_sched_execute
                0x0001be2c       0x90 _build/nrf51422_xxac_app_scheduler.c.o
                0x0001be2c                app_sched_execute
 .text.RTC1_IRQHandler
                0x0001bebc       0xdc _build/nrf51422_xxac_app_timer.c.o
                0x0001bebc                RTC1_IRQHandler
 .text.SWI0_IRQHandler
                0x0001bf98      0x4e8 _build/nrf51422_xxac_app_timer.c.o
                0x0001bf98                SWI0_IRQHandler
 .text.app_timer_init
                0x0001c480      0x124 _build/nrf51422_xxac_app_timer.c.o
                0x0001c480                app_timer_init
 .text.app_timer_create
                0x0001c5a4       0x2c _build/nrf51422_xxac_app_timer.c.o
                0x0001c5a4                app_timer_create
 .text.app_timer_start
                0x0001c5d0       0xc4 _build/nrf51422_xxac_app_timer.c.o
                0x0001c5d0                app_timer_start
 .text.app_timer_stop
                0x0001c694       0x88 _build/nrf51422_xxac_app_timer.c.o
                0x0001c694                app_timer_stop
 .text.app_timer_evt_get
                0x0001c71c       0x18 _build/nrf51422_xxac_app_timer_appsh.c.o
 .text.app_timer_evt_schedule
                0x0001c734       0x1c _build/nrf51422_xxac_app_timer_appsh.c.o
                0x0001c734                app_timer_evt_schedule
 .text.app_util_critical_region_enter
                0x0001c750       0x40 _build/nrf51422_xxac_app_util_platform.c.o
                0x0001c750                app_util_critical_region_enter
 .text.app_util_critical_region_exit
                0x0001c790       0x2c _build/nrf51422_xxac_app_util_platform.c.o
                0x0001c790                app_util_critical_region_exit
 .text.gc_record_find_next
                0x0001c7bc       0xbc _build/nrf51422_xxac_fds.c.o
 .text.record_find_by_desc
                0x0001c878       0xe8 _build/nrf51422_xxac_fds.c.o
 .text.queue_process
                0x0001c960      0x7ec _build/nrf51422_xxac_fds.c.o
 .text.fs_event_handler
                0x0001d14c        0xc _build/nrf51422_xxac_fds.c.o
 .text.fds_register
                0x0001d158       0x24 _build/nrf51422_xxac_fds.c.o
                0x0001d158                fds_register
 .text.fds_init
                0x0001d17c      0x300 _build/nrf51422_xxac_fds.c.o
                0x0001d17c                fds_init
 .text.fds_record_open
                0x0001d47c       0x4c _build/nrf51422_xxac_fds.c.o
                0x0001d47c                fds_record_open
 .text.fds_record_close
                0x0001d4c8       0x4c _build/nrf51422_xxac_fds.c.o
                0x0001d4c8                fds_record_close
 .text.fds_reserve
                0x0001d514       0x74 _build/nrf51422_xxac_fds.c.o
                0x0001d514                fds_reserve
 .text.fds_reserve_cancel
                0x0001d588       0x48 _build/nrf51422_xxac_fds.c.o
                0x0001d588                fds_reserve_cancel
 .text.fds_record_write
                0x0001d5d0      0x21c _build/nrf51422_xxac_fds.c.o
                0x0001d5d0                fds_record_write
 .text.fds_record_write_reserved
                0x0001d7ec      0x1ac _build/nrf51422_xxac_fds.c.o
                0x0001d7ec                fds_record_write_reserved
 .text.fds_record_update
                0x0001d998      0x228 _build/nrf51422_xxac_fds.c.o
                0x0001d998                fds_record_update
 .text.fds_file_delete
                0x0001dbc0       0x74 _build/nrf51422_xxac_fds.c.o
                0x0001dbc0                fds_file_delete
 .text.fds_gc   0x0001dc34       0x6c _build/nrf51422_xxac_fds.c.o
                0x0001dc34                fds_gc
 .text.fds_record_find
                0x0001dca0       0xd8 _build/nrf51422_xxac_fds.c.o
                0x0001dca0                fds_record_find
 .text.fds_record_find_by_key
                0x0001dd78       0xcc _build/nrf51422_xxac_fds.c.o
                0x0001dd78                fds_record_find_by_key
 .text.fds_record_find_in_file
                0x0001de44       0xcc _build/nrf51422_xxac_fds.c.o
                0x0001de44                fds_record_find_in_file
 .text.fds_record_id_from_desc
                0x0001df10       0x14 _build/nrf51422_xxac_fds.c.o
                0x0001df10                fds_record_id_from_desc
 .text.sd_flash_write
                0x0001df24        0x4 _build/nrf51422_xxac_fstorage.c.o
 .text.sd_flash_page_erase
                0x0001df28        0x4 _build/nrf51422_xxac_fstorage.c.o
 .text.queue_process
                0x0001df2c       0xc8 _build/nrf51422_xxac_fstorage.c.o
 .text.fs_init  0x0001dff4       0xc4 _build/nrf51422_xxac_fstorage.c.o
                0x0001dff4                fs_init
 .text.fs_store
                0x0001e0b8       0xe4 _build/nrf51422_xxac_fstorage.c.o
                0x0001e0b8                fs_store
 .text.fs_erase
                0x0001e19c       0xdc _build/nrf51422_xxac_fstorage.c.o
                0x0001e19c                fs_erase
 .text.fs_queued_op_count_get
                0x0001e278       0x18 _build/nrf51422_xxac_fstorage.c.o
                0x0001e278                fs_queued_op_count_get
 .text.fs_sys_event_handler
                0x0001e290      0x2e8 _build/nrf51422_xxac_fstorage.c.o
                0x0001e290                fs_sys_event_handler
 .text.sdk_mapped_flags_first_key_index_get
                0x0001e578       0x58 _build/nrf51422_xxac_sdk_mapped_flags.c.o
                0x0001e578                sdk_mapped_flags_first_key_index_get
 .text.sdk_mapped_flags_update_by_key
                0x0001e5d0       0x70 _build/nrf51422_xxac_sdk_mapped_flags.c.o
                0x0001e5d0                sdk_mapped_flags_update_by_key
 .text.sdk_mapped_flags_bulk_update_by_key
                0x0001e640      0x23c _build/nrf51422_xxac_sdk_mapped_flags.c.o
                0x0001e640                sdk_mapped_flags_bulk_update_by_key
 .text.sdk_mapped_flags_get_by_key
                0x0001e87c       0x64 _build/nrf51422_xxac_sdk_mapped_flags.c.o
                0x0001e87c                sdk_mapped_flags_get_by_key
 .text.sdk_mapped_flags_key_list_get
                0x0001e8e0       0x78 _build/nrf51422_xxac_sdk_mapped_flags.c.o
                0x0001e8e0                sdk_mapped_flags_key_list_get
 .text.bsp_board_led_state_get
                0x0001e958       0x1c _build/nrf51422_xxac_boards.c.o
                0x0001e958                bsp_board_led_state_get
 .text.bsp_board_led_on
                0x0001e974       0x1c _build/nrf51422_xxac_boards.c.o
                0x0001e974                bsp_board_led_on
 .text.bsp_board_led_off
                0x0001e990       0x18 _build/nrf51422_xxac_boards.c.o
                0x0001e990                bsp_board_led_off
 .text.bsp_board_leds_off
                0x0001e9a8       0x24 _build/nrf51422_xxac_boards.c.o
                0x0001e9a8                bsp_board_leds_off
 .text.bsp_board_leds_on
                0x0001e9cc       0x24 _build/nrf51422_xxac_boards.c.o
                0x0001e9cc                bsp_board_leds_on
 .text.bsp_board_led_invert
                0x0001e9f0       0x30 _build/nrf51422_xxac_boards.c.o
                0x0001e9f0                bsp_board_led_invert
 .text.bsp_board_leds_init
                0x0001ea20       0x3c _build/nrf51422_xxac_boards.c.o
                0x0001ea20                bsp_board_leds_init
 .text.bsp_board_button_state_get
                0x0001ea5c       0x1c _build/nrf51422_xxac_boards.c.o
                0x0001ea5c                bsp_board_button_state_get
 .text.bsp_board_pin_to_button_idx
                0x0001ea78       0x28 _build/nrf51422_xxac_boards.c.o
                0x0001ea78                bsp_board_pin_to_button_idx
 .text.bsp_board_button_idx_to_pin
                0x0001eaa0        0xc _build/nrf51422_xxac_boards.c.o
                0x0001eaa0                bsp_board_button_idx_to_pin
 .text.POWER_CLOCK_IRQHandler
                0x0001eaac       0x78 _build/nrf51422_xxac_nrf_drv_clock.c.o
                0x0001eaac                POWER_CLOCK_IRQHandler
 .text.nrf_drv_clock_on_soc_event
                0x0001eb24       0x24 _build/nrf51422_xxac_nrf_drv_clock.c.o
                0x0001eb24                nrf_drv_clock_on_soc_event
 .text.nrf_drv_clock_on_sd_enable
                0x0001eb48       0x6c _build/nrf51422_xxac_nrf_drv_clock.c.o
                0x0001eb48                nrf_drv_clock_on_sd_enable
 .text.nrf_drv_common_irq_enable
                0x0001ebb4       0x68 _build/nrf51422_xxac_nrf_drv_common.c.o
                0x0001ebb4                nrf_drv_common_irq_enable
 .text.nrf_drv_gpiote_init
                0x0001ec1c       0x64 _build/nrf51422_xxac_nrf_drv_gpiote.c.o
                0x0001ec1c                nrf_drv_gpiote_init
 .text.nrf_drv_gpiote_is_init
                0x0001ec80       0x14 _build/nrf51422_xxac_nrf_drv_gpiote.c.o
                0x0001ec80                nrf_drv_gpiote_is_init
 .text.nrf_drv_gpiote_in_init
                0x0001ec94      0x178 _build/nrf51422_xxac_nrf_drv_gpiote.c.o
                0x0001ec94                nrf_drv_gpiote_in_init
 .text.nrf_drv_gpiote_in_event_enable
                0x0001ee0c       0xbc _build/nrf51422_xxac_nrf_drv_gpiote.c.o
                0x0001ee0c                nrf_drv_gpiote_in_event_enable
 .text.nrf_drv_gpiote_in_is_set
                0x0001eec8       0x14 _build/nrf51422_xxac_nrf_drv_gpiote.c.o
                0x0001eec8                nrf_drv_gpiote_in_is_set
 .text.GPIOTE_IRQHandler
                0x0001eedc      0x4e0 _build/nrf51422_xxac_nrf_drv_gpiote.c.o
                0x0001eedc                GPIOTE_IRQHandler
 .text.nrf_drv_uart_init
                0x0001f3bc      0x14c _build/nrf51422_xxac_nrf_drv_uart.c.o
                0x0001f3bc                nrf_drv_uart_init
 .text.nrf_drv_uart_uninit
                0x0001f508      0x100 _build/nrf51422_xxac_nrf_drv_uart.c.o
                0x0001f508                nrf_drv_uart_uninit
 .text.nrf_drv_uart_tx
                0x0001f608       0xfc _build/nrf51422_xxac_nrf_drv_uart.c.o
                0x0001f608                nrf_drv_uart_tx
 .text.nrf_drv_uart_tx_in_progress
                0x0001f704       0x1c _build/nrf51422_xxac_nrf_drv_uart.c.o
                0x0001f704                nrf_drv_uart_tx_in_progress
 .text.UART0_IRQHandler
                0x0001f720      0x198 _build/nrf51422_xxac_nrf_drv_uart.c.o
                0x0001f720                UART0_IRQHandler
 .text.alert_timer_handler
                0x0001f8b8        0xc _build/nrf51422_xxac_bsp.c.o
 .text.bsp_button_event_handler
                0x0001f8c4       0xb8 _build/nrf51422_xxac_bsp.c.o
 .text.leds_timer_handler
                0x0001f97c      0x1f8 _build/nrf51422_xxac_bsp.c.o
 .text.button_timer_handler
                0x0001fb74       0x30 _build/nrf51422_xxac_bsp.c.o
 .text.bsp_button_is_pressed
                0x0001fba4        0x8 _build/nrf51422_xxac_bsp.c.o
                0x0001fba4                bsp_button_is_pressed
 .text.bsp_indication_set
                0x0001fbac      0x238 _build/nrf51422_xxac_bsp.c.o
                0x0001fbac                bsp_indication_set
 .text.bsp_init
                0x0001fde4       0xb4 _build/nrf51422_xxac_bsp.c.o
                0x0001fde4                bsp_init
 .text.bsp_event_to_button_action_assign
                0x0001fe98       0x50 _build/nrf51422_xxac_bsp.c.o
                0x0001fe98                bsp_event_to_button_action_assign
 .text.bsp_wakeup_button_enable
                0x0001fee8       0x30 _build/nrf51422_xxac_bsp.c.o
                0x0001fee8                bsp_wakeup_button_enable
 .text.bsp_btn_ble_sleep_mode_prepare
                0x0001ff18       0x28 _build/nrf51422_xxac_bsp_btn_ble.c.o
                0x0001ff18                bsp_btn_ble_sleep_mode_prepare
 .text.bsp_btn_ble_on_ble_evt
                0x0001ff40       0xbc _build/nrf51422_xxac_bsp_btn_ble.c.o
                0x0001ff40                bsp_btn_ble_on_ble_evt
 .text.bsp_btn_ble_init
                0x0001fffc       0x80 _build/nrf51422_xxac_bsp_btn_ble.c.o
                0x0001fffc                bsp_btn_ble_init
 .text.sd_ble_gap_disconnect
                0x0002007c        0x4 _build/nrf51422_xxac_main.c.o
 .text.sd_ble_gap_ppcp_set
                0x00020080        0x4 _build/nrf51422_xxac_main.c.o
 .text.sd_ble_gap_device_name_set
                0x00020084        0x4 _build/nrf51422_xxac_main.c.o
 .text.sd_power_system_off
                0x00020088        0x4 _build/nrf51422_xxac_main.c.o
 .text.sd_app_evt_wait
                0x0002008c        0x4 _build/nrf51422_xxac_main.c.o
 .text.current_time_error_handler
                0x00020090        0x8 _build/nrf51422_xxac_main.c.o
 .text.sys_evt_dispatch
                0x00020098       0x10 _build/nrf51422_xxac_main.c.o
 .text.db_disc_handler
                0x000200a8       0x10 _build/nrf51422_xxac_main.c.o
 .text.on_adv_evt
                0x000200b8       0xe0 _build/nrf51422_xxac_main.c.o
 .text.on_cts_c_evt
                0x00020198      0x1ac _build/nrf51422_xxac_main.c.o
 .text.on_conn_params_evt
                0x00020344       0x24 _build/nrf51422_xxac_main.c.o
 .text.sec_req_timeout_handler
                0x00020368       0x4c _build/nrf51422_xxac_main.c.o
 .text.ble_evt_dispatch
                0x000203b4      0x110 _build/nrf51422_xxac_main.c.o
 .text.advertising_start
                0x000204c4       0x94 _build/nrf51422_xxac_main.c.o
 .text.pm_evt_handler
                0x00020558       0xe0 _build/nrf51422_xxac_main.c.o
 .text.conn_params_error_handler
                0x00020638        0x8 _build/nrf51422_xxac_main.c.o
 .text.bsp_event_handler
                0x00020640       0x94 _build/nrf51422_xxac_main.c.o
                0x00020640                bsp_event_handler
 .text.startup.main
                0x000206d4      0x2c8 _build/nrf51422_xxac_main.c.o
                0x000206d4                main
 .text.sd_ble_gap_address_get
                0x0002099c        0x4 _build/nrf51422_xxac_ble_advdata.c.o
 .text.sd_ble_gap_adv_data_set
                0x000209a0        0x4 _build/nrf51422_xxac_ble_advdata.c.o
 .text.sd_ble_gap_appearance_get
                0x000209a4        0x4 _build/nrf51422_xxac_ble_advdata.c.o
 .text.sd_ble_gap_device_name_get
                0x000209a8        0x4 _build/nrf51422_xxac_ble_advdata.c.o
 .text.sd_ble_uuid_encode
                0x000209ac        0x4 _build/nrf51422_xxac_ble_advdata.c.o
 .text.uuid_list_sized_encode
                0x000209b0      0x104 _build/nrf51422_xxac_ble_advdata.c.o
 .text.adv_data_encode
                0x00020ab4      0x41c _build/nrf51422_xxac_ble_advdata.c.o
                0x00020ab4                adv_data_encode
 .text.ble_advdata_set
                0x00020ed0      0x480 _build/nrf51422_xxac_ble_advdata.c.o
                0x00020ed0                ble_advdata_set
 .text.sd_ble_gap_adv_start
                0x00021350        0x4 _build/nrf51422_xxac_ble_advertising.c.o
 .text.sd_ble_gap_adv_stop
                0x00021354        0x4 _build/nrf51422_xxac_ble_advertising.c.o
 .text.ble_advertising_start.part.1
                0x00021358      0x230 _build/nrf51422_xxac_ble_advertising.c.o
 .text.ble_advertising_init
                0x00021588      0x1b0 _build/nrf51422_xxac_ble_advertising.c.o
                0x00021588                ble_advertising_init
 .text.ble_advertising_start
                0x00021738       0x40 _build/nrf51422_xxac_ble_advertising.c.o
                0x00021738                ble_advertising_start
 .text.ble_advertising_on_ble_evt
                0x00021778       0xc0 _build/nrf51422_xxac_ble_advertising.c.o
                0x00021778                ble_advertising_on_ble_evt
 .text.ble_advertising_on_sys_evt
                0x00021838       0x64 _build/nrf51422_xxac_ble_advertising.c.o
                0x00021838                ble_advertising_on_sys_evt
 .text.ble_advertising_whitelist_reply
                0x0002189c       0x78 _build/nrf51422_xxac_ble_advertising.c.o
                0x0002189c                ble_advertising_whitelist_reply
 .text.ble_advertising_restart_without_whitelist
                0x00021914       0x74 _build/nrf51422_xxac_ble_advertising.c.o
                0x00021914                ble_advertising_restart_without_whitelist
 .text.sd_ble_gap_conn_param_update
                0x00021988        0x4 _build/nrf51422_xxac_ble_conn_params.c.o
 .text.sd_ble_gap_disconnect
                0x0002198c        0x4 _build/nrf51422_xxac_ble_conn_params.c.o
 .text.sd_ble_gap_ppcp_set
                0x00021990        0x4 _build/nrf51422_xxac_ble_conn_params.c.o
 .text.sd_ble_gap_ppcp_get
                0x00021994        0x4 _build/nrf51422_xxac_ble_conn_params.c.o
 .text.update_timeout_handler
                0x00021998       0x78 _build/nrf51422_xxac_ble_conn_params.c.o
 .text.conn_params_negotiation
                0x00021a10       0x88 _build/nrf51422_xxac_ble_conn_params.c.o
 .text.ble_conn_params_init
                0x00021a98       0x78 _build/nrf51422_xxac_ble_conn_params.c.o
                0x00021a98                ble_conn_params_init
 .text.ble_conn_params_on_ble_evt
                0x00021b10      0x120 _build/nrf51422_xxac_ble_conn_params.c.o
                0x00021b10                ble_conn_params_on_ble_evt
 .text.ble_conn_state_on_ble_evt
                0x00021c30      0x110 _build/nrf51422_xxac_ble_conn_state.c.o
                0x00021c30                ble_conn_state_on_ble_evt
 .text.ble_conn_state_role
                0x00021d40       0x30 _build/nrf51422_xxac_ble_conn_state.c.o
                0x00021d40                ble_conn_state_role
 .text.ble_conn_state_status
                0x00021d70       0x30 _build/nrf51422_xxac_ble_conn_state.c.o
                0x00021d70                ble_conn_state_status
 .text.ble_conn_state_encrypted
                0x00021da0       0x14 _build/nrf51422_xxac_ble_conn_state.c.o
                0x00021da0                ble_conn_state_encrypted
 .text.ble_conn_state_mitm_protected
                0x00021db4       0x14 _build/nrf51422_xxac_ble_conn_state.c.o
                0x00021db4                ble_conn_state_mitm_protected
 .text.ble_conn_state_conn_handles
                0x00021dc8       0x18 _build/nrf51422_xxac_ble_conn_state.c.o
                0x00021dc8                ble_conn_state_conn_handles
 .text.ble_conn_state_user_flag_acquire
                0x00021de0       0x2c _build/nrf51422_xxac_ble_conn_state.c.o
                0x00021de0                ble_conn_state_user_flag_acquire
 .text.ble_conn_state_user_flag_get
                0x00021e0c       0x24 _build/nrf51422_xxac_ble_conn_state.c.o
                0x00021e0c                ble_conn_state_user_flag_get
 .text.ble_conn_state_user_flag_set
                0x00021e30       0x24 _build/nrf51422_xxac_ble_conn_state.c.o
                0x00021e30                ble_conn_state_user_flag_set
 .text.ble_conn_state_user_flag_collection
                0x00021e54       0x1c _build/nrf51422_xxac_ble_conn_state.c.o
                0x00021e54                ble_conn_state_user_flag_collection
 .text.sd_ble_gattc_primary_services_discover
                0x00021e70        0x4 _build/nrf51422_xxac_ble_db_discovery.c.o
 .text.sd_ble_gattc_characteristics_discover
                0x00021e74        0x4 _build/nrf51422_xxac_ble_db_discovery.c.o
 .text.sd_ble_gattc_descriptors_discover
                0x00021e78        0x4 _build/nrf51422_xxac_ble_db_discovery.c.o
 .text.discovery_error_evt_trigger
                0x00021e7c       0xbc _build/nrf51422_xxac_ble_db_discovery.c.o
 .text.descriptors_discover
                0x00021f38       0xcc _build/nrf51422_xxac_ble_db_discovery.c.o
 .text.on_srv_disc_completion
                0x00022004      0x180 _build/nrf51422_xxac_ble_db_discovery.c.o
 .text.ble_db_discovery_init
                0x00022184       0x30 _build/nrf51422_xxac_ble_db_discovery.c.o
                0x00022184                ble_db_discovery_init
 .text.ble_db_discovery_evt_register
                0x000221b4       0xd0 _build/nrf51422_xxac_ble_db_discovery.c.o
                0x000221b4                ble_db_discovery_evt_register
 .text.ble_db_discovery_start
                0x00022284       0x90 _build/nrf51422_xxac_ble_db_discovery.c.o
                0x00022284                ble_db_discovery_start
 .text.ble_db_discovery_on_ble_evt
                0x00022314      0xb98 _build/nrf51422_xxac_ble_db_discovery.c.o
                0x00022314                ble_db_discovery_on_ble_evt
 .text.ble_srv_is_notification_enabled
                0x00022eac        0x8 _build/nrf51422_xxac_ble_srv_common.c.o
                0x00022eac                ble_srv_is_notification_enabled
 .text.local_db_update_in_evt
                0x00022eb4       0x80 _build/nrf51422_xxac_gatt_cache_manager.c.o
 .text.local_db_apply_in_evt.part.1
                0x00022f34       0x78 _build/nrf51422_xxac_gatt_cache_manager.c.o
 .text.service_changed_pending_flags_check.part.2
                0x00022fac      0x104 _build/nrf51422_xxac_gatt_cache_manager.c.o
 .text.gcm_gscm_evt_handler
                0x000230b0       0x7c _build/nrf51422_xxac_gatt_cache_manager.c.o
                0x000230b0                gcm_gscm_evt_handler
 .text.gcm_im_evt_handler
                0x0002312c       0xb4 _build/nrf51422_xxac_gatt_cache_manager.c.o
                0x0002312c                gcm_im_evt_handler
 .text.gcm_smd_evt_handler
                0x000231e0       0x9c _build/nrf51422_xxac_gatt_cache_manager.c.o
                0x000231e0                gcm_smd_evt_handler
 .text.gcm_init
                0x0002327c       0x58 _build/nrf51422_xxac_gatt_cache_manager.c.o
                0x0002327c                gcm_init
 .text.gcm_ble_evt_handler
                0x000232d4      0x12c _build/nrf51422_xxac_gatt_cache_manager.c.o
                0x000232d4                gcm_ble_evt_handler
 .text.gcm_local_database_has_changed
                0x00023400       0x78 _build/nrf51422_xxac_gatt_cache_manager.c.o
                0x00023400                gcm_local_database_has_changed
 .text.sd_ble_gatts_service_changed
                0x00023478        0x4 _build/nrf51422_xxac_gatts_cache_manager.c.o
 .text.sd_ble_gatts_sys_attr_set
                0x0002347c        0x4 _build/nrf51422_xxac_gatts_cache_manager.c.o
 .text.sd_ble_gatts_sys_attr_get
                0x00023480        0x4 _build/nrf51422_xxac_gatts_cache_manager.c.o
 .text.gscm_pdb_evt_handler
                0x00023484       0x78 _build/nrf51422_xxac_gatts_cache_manager.c.o
                0x00023484                gscm_pdb_evt_handler
 .text.gscm_init
                0x000234fc       0x10 _build/nrf51422_xxac_gatts_cache_manager.c.o
                0x000234fc                gscm_init
 .text.gscm_local_db_cache_update
                0x0002350c       0x98 _build/nrf51422_xxac_gatts_cache_manager.c.o
                0x0002350c                gscm_local_db_cache_update
 .text.gscm_local_db_cache_apply
                0x000235a4       0x9c _build/nrf51422_xxac_gatts_cache_manager.c.o
                0x000235a4                gscm_local_db_cache_apply
 .text.gscm_local_database_has_changed
                0x00023640       0x48 _build/nrf51422_xxac_gatts_cache_manager.c.o
                0x00023640                gscm_local_database_has_changed
 .text.gscm_service_changed_ind_needed
                0x00023688       0x20 _build/nrf51422_xxac_gatts_cache_manager.c.o
                0x00023688                gscm_service_changed_ind_needed
 .text.gscm_service_changed_ind_send
                0x000236a8       0x30 _build/nrf51422_xxac_gatts_cache_manager.c.o
                0x000236a8                gscm_service_changed_ind_send
 .text.gscm_db_change_notification_done
                0x000236d8       0x20 _build/nrf51422_xxac_gatts_cache_manager.c.o
                0x000236d8                gscm_db_change_notification_done
 .text.sd_ble_gap_address_get
                0x000236f8        0x4 _build/nrf51422_xxac_id_manager.c.o
 .text.sd_ecb_block_encrypt
                0x000236fc        0x4 _build/nrf51422_xxac_id_manager.c.o
 .text.im_ble_evt_handler
                0x00023700      0x2fc _build/nrf51422_xxac_id_manager.c.o
                0x00023700                im_ble_evt_handler
 .text.im_pdb_evt_handler
                0x000239fc      0x174 _build/nrf51422_xxac_id_manager.c.o
                0x000239fc                im_pdb_evt_handler
 .text.im_init  0x00023b70       0x48 _build/nrf51422_xxac_id_manager.c.o
                0x00023b70                im_init
 .text.im_peer_id_get_by_conn_handle
                0x00023bb8       0x7c _build/nrf51422_xxac_id_manager.c.o
                0x00023bb8                im_peer_id_get_by_conn_handle
 .text.im_ble_addr_get
                0x00023c34       0x8c _build/nrf51422_xxac_id_manager.c.o
                0x00023c34                im_ble_addr_get
 .text.im_master_ids_compare
                0x00023cc0       0x58 _build/nrf51422_xxac_id_manager.c.o
                0x00023cc0                im_master_ids_compare
 .text.im_peer_id_get_by_master_id
                0x00023d18       0xdc _build/nrf51422_xxac_id_manager.c.o
                0x00023d18                im_peer_id_get_by_master_id
 .text.im_conn_handle_get
                0x00023df4       0x6c _build/nrf51422_xxac_id_manager.c.o
                0x00023df4                im_conn_handle_get
 .text.im_master_id_is_valid
                0x00023e60       0x40 _build/nrf51422_xxac_id_manager.c.o
                0x00023e60                im_master_id_is_valid
 .text.im_new_peer_id
                0x00023ea0       0x78 _build/nrf51422_xxac_id_manager.c.o
                0x00023ea0                im_new_peer_id
 .text.im_peer_free
                0x00023f18       0xf4 _build/nrf51422_xxac_id_manager.c.o
                0x00023f18                im_peer_free
 .text.im_device_identities_list_set
                0x0002400c        0x4 _build/nrf51422_xxac_id_manager.c.o
                0x0002400c                im_device_identities_list_set
 .text.im_whitelist_get
                0x00024010      0x270 _build/nrf51422_xxac_id_manager.c.o
                0x00024010                im_whitelist_get
 .text.im_whitelist_set
                0x00024280       0x3c _build/nrf51422_xxac_id_manager.c.o
                0x00024280                im_whitelist_set
 .text.peer_data_delete
                0x000242bc       0xa0 _build/nrf51422_xxac_peer_data_storage.c.o
 .text.fds_evt_handler
                0x0002435c      0x138 _build/nrf51422_xxac_peer_data_storage.c.o
 .text.pds_init
                0x00024494       0x6c _build/nrf51422_xxac_peer_data_storage.c.o
                0x00024494                pds_init
 .text.pds_peer_data_read
                0x00024500       0x88 _build/nrf51422_xxac_peer_data_storage.c.o
                0x00024500                pds_peer_data_read
 .text.pds_peer_data_iterate_prepare
                0x00024588       0x14 _build/nrf51422_xxac_peer_data_storage.c.o
                0x00024588                pds_peer_data_iterate_prepare
 .text.pds_peer_data_iterate
                0x0002459c       0x58 _build/nrf51422_xxac_peer_data_storage.c.o
                0x0002459c                pds_peer_data_iterate
 .text.pds_space_reserve
                0x000245f4       0x30 _build/nrf51422_xxac_peer_data_storage.c.o
                0x000245f4                pds_space_reserve
 .text.pds_space_reserve_cancel
                0x00024624       0x18 _build/nrf51422_xxac_peer_data_storage.c.o
                0x00024624                pds_space_reserve_cancel
 .text.pds_peer_data_store
                0x0002463c       0xc4 _build/nrf51422_xxac_peer_data_storage.c.o
                0x0002463c                pds_peer_data_store
 .text.pds_peer_id_allocate
                0x00024700       0x10 _build/nrf51422_xxac_peer_data_storage.c.o
                0x00024700                pds_peer_id_allocate
 .text.pds_peer_id_free
                0x00024710       0x18 _build/nrf51422_xxac_peer_data_storage.c.o
                0x00024710                pds_peer_id_free
 .text.pds_peer_id_is_allocated
                0x00024728        0x8 _build/nrf51422_xxac_peer_data_storage.c.o
                0x00024728                pds_peer_id_is_allocated
 .text.pds_next_peer_id_get
                0x00024730        0x8 _build/nrf51422_xxac_peer_data_storage.c.o
                0x00024730                pds_next_peer_id_get
 .text.pds_next_deleted_peer_id_get
                0x00024738        0x8 _build/nrf51422_xxac_peer_data_storage.c.o
                0x00024738                pds_next_deleted_peer_id_get
 .text.pdb_write_buf_store.part.2
                0x00024740      0x46c _build/nrf51422_xxac_peer_database.c.o
 .text.pdb_pds_evt_handler
                0x00024bac      0x5ec _build/nrf51422_xxac_peer_database.c.o
                0x00024bac                pdb_pds_evt_handler
 .text.pdb_init
                0x00025198      0x148 _build/nrf51422_xxac_peer_database.c.o
                0x00025198                pdb_init
 .text.pdb_peer_allocate
                0x000252e0        0x8 _build/nrf51422_xxac_peer_database.c.o
                0x000252e0                pdb_peer_allocate
 .text.pdb_peer_free
                0x000252e8      0x55c _build/nrf51422_xxac_peer_database.c.o
                0x000252e8                pdb_peer_free
 .text.pdb_peer_data_ptr_get
                0x00025844        0xc _build/nrf51422_xxac_peer_database.c.o
                0x00025844                pdb_peer_data_ptr_get
 .text.pdb_write_buf_get
                0x00025850      0x868 _build/nrf51422_xxac_peer_database.c.o
                0x00025850                pdb_write_buf_get
 .text.pdb_write_buf_release
                0x000260b8      0x3bc _build/nrf51422_xxac_peer_database.c.o
                0x000260b8                pdb_write_buf_release
 .text.pdb_write_buf_store_prepare
                0x00026474      0x3e0 _build/nrf51422_xxac_peer_database.c.o
                0x00026474                pdb_write_buf_store_prepare
 .text.pdb_write_buf_store
                0x00026854       0x14 _build/nrf51422_xxac_peer_database.c.o
                0x00026854                pdb_write_buf_store
 .text.pdb_next_peer_id_get
                0x00026868        0x8 _build/nrf51422_xxac_peer_database.c.o
                0x00026868                pdb_next_peer_id_get
 .text.pdb_next_deleted_peer_id_get
                0x00026870        0x8 _build/nrf51422_xxac_peer_database.c.o
                0x00026870                pdb_next_deleted_peer_id_get
 .text.pdb_peer_data_load
                0x00026878       0x14 _build/nrf51422_xxac_peer_database.c.o
                0x00026878                pdb_peer_data_load
 .text.pdb_raw_store
                0x0002688c        0xc _build/nrf51422_xxac_peer_database.c.o
                0x0002688c                pdb_raw_store
 .text.peer_id_init
                0x00026898       0x2c _build/nrf51422_xxac_peer_id.c.o
                0x00026898                peer_id_init
 .text.peer_id_allocate
                0x000268c4       0x3c _build/nrf51422_xxac_peer_id.c.o
                0x000268c4                peer_id_allocate
 .text.peer_id_delete
                0x00026900       0x2c _build/nrf51422_xxac_peer_id.c.o
                0x00026900                peer_id_delete
 .text.peer_id_free
                0x0002692c       0x24 _build/nrf51422_xxac_peer_id.c.o
                0x0002692c                peer_id_free
 .text.peer_id_is_allocated
                0x00026950       0x18 _build/nrf51422_xxac_peer_id.c.o
                0x00026950                peer_id_is_allocated
 .text.peer_id_get_next_used
                0x00026968       0x68 _build/nrf51422_xxac_peer_id.c.o
                0x00026968                peer_id_get_next_used
 .text.peer_id_get_next_deleted
                0x000269d0       0x44 _build/nrf51422_xxac_peer_id.c.o
                0x000269d0                peer_id_get_next_deleted
 .text.pm_pdb_evt_handler
                0x00026a14      0x1f4 _build/nrf51422_xxac_peer_manager.c.o
                0x00026a14                pm_pdb_evt_handler
 .text.pm_sm_evt_handler
                0x00026c08      0x180 _build/nrf51422_xxac_peer_manager.c.o
                0x00026c08                pm_sm_evt_handler
 .text.pm_gcm_evt_handler
                0x00026d88       0x9c _build/nrf51422_xxac_peer_manager.c.o
                0x00026d88                pm_gcm_evt_handler
 .text.pm_im_evt_handler
                0x00026e24       0x78 _build/nrf51422_xxac_peer_manager.c.o
                0x00026e24                pm_im_evt_handler
 .text.pm_on_ble_evt
                0x00026e9c       0x24 _build/nrf51422_xxac_peer_manager.c.o
                0x00026e9c                pm_on_ble_evt
 .text.pm_init  0x00026ec0       0x90 _build/nrf51422_xxac_peer_manager.c.o
                0x00026ec0                pm_init
 .text.pm_register
                0x00026f50       0x34 _build/nrf51422_xxac_peer_manager.c.o
                0x00026f50                pm_register
 .text.pm_sec_params_set
                0x00026f84       0x1c _build/nrf51422_xxac_peer_manager.c.o
                0x00026f84                pm_sec_params_set
 .text.pm_conn_secure
                0x00026fa0       0x1c _build/nrf51422_xxac_peer_manager.c.o
                0x00026fa0                pm_conn_secure
 .text.pm_conn_sec_config_reply
                0x00026fbc        0x8 _build/nrf51422_xxac_peer_manager.c.o
                0x00026fbc                pm_conn_sec_config_reply
 .text.pm_local_database_has_changed
                0x00026fc4       0x14 _build/nrf51422_xxac_peer_manager.c.o
                0x00026fc4                pm_local_database_has_changed
 .text.pm_whitelist_set
                0x00026fd8       0x1c _build/nrf51422_xxac_peer_manager.c.o
                0x00026fd8                pm_whitelist_set
 .text.pm_whitelist_get
                0x00026ff4       0x30 _build/nrf51422_xxac_peer_manager.c.o
                0x00026ff4                pm_whitelist_get
 .text.pm_device_identities_list_set
                0x00027024       0x1c _build/nrf51422_xxac_peer_manager.c.o
                0x00027024                pm_device_identities_list_set
 .text.pm_conn_sec_status_get
                0x00027040       0x88 _build/nrf51422_xxac_peer_manager.c.o
                0x00027040                pm_conn_sec_status_get
 .text.pm_next_peer_id_get
                0x000270c8       0x1c _build/nrf51422_xxac_peer_manager.c.o
                0x000270c8                pm_next_peer_id_get
 .text.pm_peers_delete
                0x000270e4       0x50 _build/nrf51422_xxac_peer_manager.c.o
                0x000270e4                pm_peers_delete
 .text.pm_peer_rank_highest
                0x00027134      0x180 _build/nrf51422_xxac_peer_manager.c.o
                0x00027134                pm_peer_rank_highest
 .text.pm_buffer_init
                0x000272b4       0x4c _build/nrf51422_xxac_pm_buffer.c.o
                0x000272b4                pm_buffer_init
 .text.pm_buffer_block_acquire
                0x00027300       0x94 _build/nrf51422_xxac_pm_buffer.c.o
                0x00027300                pm_buffer_block_acquire
 .text.pm_buffer_ptr_get
                0x00027394       0x34 _build/nrf51422_xxac_pm_buffer.c.o
                0x00027394                pm_buffer_ptr_get
 .text.pm_buffer_release
                0x000273c8       0x30 _build/nrf51422_xxac_pm_buffer.c.o
                0x000273c8                pm_buffer_release
 .text.pm_mutex_init
                0x000273f8       0x14 _build/nrf51422_xxac_pm_mutex.c.o
                0x000273f8                pm_mutex_init
 .text.pm_mutex_lock
                0x0002740c       0x48 _build/nrf51422_xxac_pm_mutex.c.o
                0x0002740c                pm_mutex_lock
 .text.pm_mutex_unlock
                0x00027454       0x3c _build/nrf51422_xxac_pm_mutex.c.o
                0x00027454                pm_mutex_unlock
 .text.pm_mutex_lock_first_available
                0x00027490       0x80 _build/nrf51422_xxac_pm_mutex.c.o
                0x00027490                pm_mutex_lock_first_available
 .text.pm_mutex_lock_status_get
                0x00027510       0x20 _build/nrf51422_xxac_pm_mutex.c.o
                0x00027510                pm_mutex_lock_status_get
 .text.sd_ble_gap_authenticate
                0x00027530        0x4 _build/nrf51422_xxac_security_dispatcher.c.o
 .text.sd_ble_gap_sec_params_reply
                0x00027534        0x4 _build/nrf51422_xxac_security_dispatcher.c.o
 .text.sd_ble_gap_encrypt
                0x00027538        0x4 _build/nrf51422_xxac_security_dispatcher.c.o
 .text.sd_ble_gap_sec_info_reply
                0x0002753c        0x4 _build/nrf51422_xxac_security_dispatcher.c.o
 .text.pairing_failure
                0x00027540       0x80 _build/nrf51422_xxac_security_dispatcher.c.o
 .text.smd_pdb_evt_handler
                0x000275c0       0x40 _build/nrf51422_xxac_security_dispatcher.c.o
                0x000275c0                smd_pdb_evt_handler
 .text.smd_init
                0x00027600       0x60 _build/nrf51422_xxac_security_dispatcher.c.o
                0x00027600                smd_init
 .text.smd_params_reply
                0x00027660      0x1cc _build/nrf51422_xxac_security_dispatcher.c.o
                0x00027660                smd_params_reply
 .text.smd_link_secure
                0x0002782c      0x258 _build/nrf51422_xxac_security_dispatcher.c.o
                0x0002782c                smd_link_secure
 .text.smd_ble_evt_handler
                0x00027a84      0x3a4 _build/nrf51422_xxac_security_dispatcher.c.o
                0x00027a84                smd_ble_evt_handler
 .text.link_secure
                0x00027e28      0x178 _build/nrf51422_xxac_security_manager.c.o
 .text.smd_params_reply_perform
                0x00027fa0      0x178 _build/nrf51422_xxac_security_manager.c.o
 .text.sm_smd_evt_handler
                0x00028118      0x170 _build/nrf51422_xxac_security_manager.c.o
                0x00028118                sm_smd_evt_handler
 .text.sm_pdb_evt_handler
                0x00028288      0x180 _build/nrf51422_xxac_security_manager.c.o
                0x00028288                sm_pdb_evt_handler
 .text.sm_init  0x00028408       0x9c _build/nrf51422_xxac_security_manager.c.o
                0x00028408                sm_init
 .text.sm_ble_evt_handler
                0x000284a4      0x194 _build/nrf51422_xxac_security_manager.c.o
                0x000284a4                sm_ble_evt_handler
 .text.sm_sec_params_set
                0x00028638       0x84 _build/nrf51422_xxac_security_manager.c.o
                0x00028638                sm_sec_params_set
 .text.sm_conn_sec_config_reply
                0x000286bc       0x18 _build/nrf51422_xxac_security_manager.c.o
                0x000286bc                sm_conn_sec_config_reply
 .text.sm_link_secure
                0x000286d4       0xcc _build/nrf51422_xxac_security_manager.c.o
                0x000286d4                sm_link_secure
 .text          0x000287a0       0x4c _build/nrf51422_xxac_gcc_startup_nrf51.S.o
                0x000287a0                Reset_Handler
                0x000287e0                NMI_Handler
                0x000287e2                HardFault_Handler
                0x000287e4                SVC_Handler
                0x000287e6                PendSV_Handler
                0x000287e8                SysTick_Handler
                0x000287ea                RTC0_IRQHandler
                0x000287ea                SPI0_TWI0_IRQHandler
                0x000287ea                LPCOMP_IRQHandler
                0x000287ea                SWI4_IRQHandler
                0x000287ea                TEMP_IRQHandler
                0x000287ea                QDEC_IRQHandler
                0x000287ea                SWI5_IRQHandler
                0x000287ea                TIMER0_IRQHandler
                0x000287ea                RADIO_IRQHandler
                0x000287ea                TIMER1_IRQHandler
                0x000287ea                ECB_IRQHandler
                0x000287ea                Default_Handler
                0x000287ea                ADC_IRQHandler
                0x000287ea                SWI3_IRQHandler
                0x000287ea                CCM_AAR_IRQHandler
                0x000287ea                WDT_IRQHandler
                0x000287ea                TIMER2_IRQHandler
                0x000287ea                RNG_IRQHandler
                0x000287ea                SPI1_TWI1_IRQHandler
                0x000287ea                SWI1_IRQHandler
 .text.SystemInit
                0x000287ec       0xe4 _build/nrf51422_xxac_system_nrf51.c.o
                0x000287ec                SystemInit
 .text.sd_ble_gattc_read
                0x000288d0        0x4 _build/nrf51422_xxac_ble_cts_c.c.o
 .text.ble_cts_c_on_db_disc_evt
                0x000288d4       0xb4 _build/nrf51422_xxac_ble_cts_c.c.o
                0x000288d4                ble_cts_c_on_db_disc_evt
 .text.ble_cts_c_init
                0x00028988       0x48 _build/nrf51422_xxac_ble_cts_c.c.o
                0x00028988                ble_cts_c_init
 .text.ble_cts_c_on_ble_evt
                0x000289d0      0x11c _build/nrf51422_xxac_ble_cts_c.c.o
                0x000289d0                ble_cts_c_on_ble_evt
 .text.ble_cts_c_current_time_read
                0x00028aec       0x18 _build/nrf51422_xxac_ble_cts_c.c.o
                0x00028aec                ble_cts_c_current_time_read
 .text.ble_cts_c_handles_assign
                0x00028b04       0x20 _build/nrf51422_xxac_ble_cts_c.c.o
                0x00028b04                ble_cts_c_handles_assign
 .text.sd_evt_get
                0x00028b24        0x4 _build/nrf51422_xxac_softdevice_handler.c.o
 .text.sd_softdevice_enable
                0x00028b28        0x4 _build/nrf51422_xxac_softdevice_handler.c.o
 .text.sd_ble_enable
                0x00028b2c        0x4 _build/nrf51422_xxac_softdevice_handler.c.o
 .text.sd_ble_evt_get
                0x00028b30        0x4 _build/nrf51422_xxac_softdevice_handler.c.o
 .text.softdevice_fault_handler
                0x00028b34        0x8 _build/nrf51422_xxac_softdevice_handler.c.o
                0x00028b34                softdevice_fault_handler
 .text.intern_softdevice_events_execute.part.1
                0x00028b3c       0xd8 _build/nrf51422_xxac_softdevice_handler.c.o
 .text.softdevice_handler_is_enabled
                0x00028c14        0xc _build/nrf51422_xxac_softdevice_handler.c.o
                0x00028c14                softdevice_handler_is_enabled
 .text.softdevice_handler_init
                0x00028c20       0xa0 _build/nrf51422_xxac_softdevice_handler.c.o
                0x00028c20                softdevice_handler_init
 .text.softdevice_ble_evt_handler_set
                0x00028cc0       0x14 _build/nrf51422_xxac_softdevice_handler.c.o
                0x00028cc0                softdevice_ble_evt_handler_set
 .text.softdevice_sys_evt_handler_set
                0x00028cd4       0x14 _build/nrf51422_xxac_softdevice_handler.c.o
                0x00028cd4                softdevice_sys_evt_handler_set
 .text.SWI2_IRQHandler
                0x00028ce8       0x30 _build/nrf51422_xxac_softdevice_handler.c.o
                0x00028ce8                SWI2_IRQHandler
 .text.softdevice_enable_get_default_config
                0x00028d18       0x30 _build/nrf51422_xxac_softdevice_handler.c.o
                0x00028d18                softdevice_enable_get_default_config
 .text.softdevice_enable
                0x00028d48       0x6c _build/nrf51422_xxac_softdevice_handler.c.o
                0x00028d48                softdevice_enable
 .text          0x00028db4      0x114 e:/personal/installed/gnu tools arm embedded/7 2017-q4-major/bin/../lib/gcc/arm-none-eabi/7.2.1/thumb/v6-m\libgcc.a(_udivsi3.o)
                0x00028db4                __aeabi_uidiv
                0x00028db4                __udivsi3
                0x00028ec0                __aeabi_uidivmod
 .text          0x00028ec8      0x1d4 e:/personal/installed/gnu tools arm embedded/7 2017-q4-major/bin/../lib/gcc/arm-none-eabi/7.2.1/thumb/v6-m\libgcc.a(_divsi3.o)
                0x00028ec8                __divsi3
                0x00028ec8                __aeabi_idiv
                0x00029094                __aeabi_idivmod
 .text          0x0002909c        0x4 e:/personal/installed/gnu tools arm embedded/7 2017-q4-major/bin/../lib/gcc/arm-none-eabi/7.2.1/thumb/v6-m\libgcc.a(_dvmd_tls.o)
                0x0002909c                __aeabi_idiv0
                0x0002909c                __aeabi_ldiv0
 .text.__locale_ctype_ptr
                0x000290a0       0x1c e:/personal/installed/gnu tools arm embedded/7 2017-q4-major/bin/../lib/gcc/arm-none-eabi/7.2.1/../../../../arm-none-eabi/lib/thumb/v6-m\libc_nano.a(lib_a-locale.o)
                0x000290a0                __locale_ctype_ptr
 .text.__ascii_mbtowc
                0x000290bc       0x24 e:/personal/installed/gnu tools arm embedded/7 2017-q4-major/bin/../lib/gcc/arm-none-eabi/7.2.1/../../../../arm-none-eabi/lib/thumb/v6-m\libc_nano.a(lib_a-mbtowc_r.o)
                0x000290bc                __ascii_mbtowc
 .text.memcmp   0x000290e0       0x1e e:/personal/installed/gnu tools arm embedded/7 2017-q4-major/bin/../lib/gcc/arm-none-eabi/7.2.1/../../../../arm-none-eabi/lib/thumb/v6-m\libc_nano.a(lib_a-memcmp.o)
                0x000290e0                memcmp
 .text.memcpy   0x000290fe       0x12 e:/personal/installed/gnu tools arm embedded/7 2017-q4-major/bin/../lib/gcc/arm-none-eabi/7.2.1/../../../../arm-none-eabi/lib/thumb/v6-m\libc_nano.a(lib_a-memcpy-stub.o)
                0x000290fe                memcpy
 .text.snprintf
                0x00029110       0x64 e:/personal/installed/gnu tools arm embedded/7 2017-q4-major/bin/../lib/gcc/arm-none-eabi/7.2.1/../../../../arm-none-eabi/lib/thumb/v6-m\libc_nano.a(lib_a-snprintf.o)
                0x00029110                sniprintf
                0x00029110                snprintf
 .text          0x00029174        0xe e:/personal/installed/gnu tools arm embedded/7 2017-q4-major/bin/../lib/gcc/arm-none-eabi/7.2.1/../../../../arm-none-eabi/lib/thumb/v6-m\libc_nano.a(lib_a-strlen.o)
                0x00029174                strlen
 .text.__ascii_wctomb
                0x00029182       0x18 e:/personal/installed/gnu tools arm embedded/7 2017-q4-major/bin/../lib/gcc/arm-none-eabi/7.2.1/../../../../arm-none-eabi/lib/thumb/v6-m\libc_nano.a(lib_a-wctomb_r.o)
                0x00029182                __ascii_wctomb
 *fill*         0x0002919a        0x2 
 .text.__ssputs_r
                0x0002919c       0xc4 e:/personal/installed/gnu tools arm embedded/7 2017-q4-major/bin/../lib/gcc/arm-none-eabi/7.2.1/../../../../arm-none-eabi/lib/thumb/v6-m\libc_nano.a(lib_a-nano-svfprintf.o)
                0x0002919c                __ssputs_r
 .text._svfprintf_r
                0x00029260      0x1fc e:/personal/installed/gnu tools arm embedded/7 2017-q4-major/bin/../lib/gcc/arm-none-eabi/7.2.1/../../../../arm-none-eabi/lib/thumb/v6-m\libc_nano.a(lib_a-nano-svfprintf.o)
                0x00029260                _svfiprintf_r
                0x00029260                _svfprintf_r
 .text._printf_common
                0x0002945c       0xda e:/personal/installed/gnu tools arm embedded/7 2017-q4-major/bin/../lib/gcc/arm-none-eabi/7.2.1/../../../../arm-none-eabi/lib/thumb/v6-m\libc_nano.a(lib_a-nano-vfprintf_i.o)
                0x0002945c                _printf_common
 *fill*         0x00029536        0x2 
 .text._printf_i
                0x00029538      0x210 e:/personal/installed/gnu tools arm embedded/7 2017-q4-major/bin/../lib/gcc/arm-none-eabi/7.2.1/../../../../arm-none-eabi/lib/thumb/v6-m\libc_nano.a(lib_a-nano-vfprintf_i.o)
                0x00029538                _printf_i
 .text.memchr   0x00029748       0x16 e:/personal/installed/gnu tools arm embedded/7 2017-q4-major/bin/../lib/gcc/arm-none-eabi/7.2.1/../../../../arm-none-eabi/lib/thumb/v6-m\libc_nano.a(lib_a-memchr-stub.o)
                0x00029748                memchr
 .text.memmove  0x0002975e       0x26 e:/personal/installed/gnu tools arm embedded/7 2017-q4-major/bin/../lib/gcc/arm-none-eabi/7.2.1/../../../../arm-none-eabi/lib/thumb/v6-m\libc_nano.a(lib_a-memmove.o)
                0x0002975e                memmove
 .text._free_r  0x00029784       0x94 e:/personal/installed/gnu tools arm embedded/7 2017-q4-major/bin/../lib/gcc/arm-none-eabi/7.2.1/../../../../arm-none-eabi/lib/thumb/v6-m\libc_nano.a(lib_a-nano-freer.o)
                0x00029784                _free_r
 .text._malloc_r
                0x00029818       0xbc e:/personal/installed/gnu tools arm embedded/7 2017-q4-major/bin/../lib/gcc/arm-none-eabi/7.2.1/../../../../arm-none-eabi/lib/thumb/v6-m\libc_nano.a(lib_a-nano-mallocr.o)
                0x00029818                _malloc_r
 .text._realloc_r
                0x000298d4       0x4c e:/personal/installed/gnu tools arm embedded/7 2017-q4-major/bin/../lib/gcc/arm-none-eabi/7.2.1/../../../../arm-none-eabi/lib/thumb/v6-m\libc_nano.a(lib_a-nano-reallocr.o)
                0x000298d4                _realloc_r
 .text._sbrk_r  0x00029920       0x24 e:/personal/installed/gnu tools arm embedded/7 2017-q4-major/bin/../lib/gcc/arm-none-eabi/7.2.1/../../../../arm-none-eabi/lib/thumb/v6-m\libc_nano.a(lib_a-sbrkr.o)
                0x00029920                _sbrk_r
 .text.__malloc_lock
                0x00029944        0x2 e:/personal/installed/gnu tools arm embedded/7 2017-q4-major/bin/../lib/gcc/arm-none-eabi/7.2.1/../../../../arm-none-eabi/lib/thumb/v6-m\libc_nano.a(lib_a-mlock.o)
                0x00029944                __malloc_lock
 .text.__malloc_unlock
                0x00029946        0x2 e:/personal/installed/gnu tools arm embedded/7 2017-q4-major/bin/../lib/gcc/arm-none-eabi/7.2.1/../../../../arm-none-eabi/lib/thumb/v6-m\libc_nano.a(lib_a-mlock.o)
                0x00029946                __malloc_unlock
 .text._malloc_usable_size_r
                0x00029948       0x10 e:/personal/installed/gnu tools arm embedded/7 2017-q4-major/bin/../lib/gcc/arm-none-eabi/7.2.1/../../../../arm-none-eabi/lib/thumb/v6-m\libc_nano.a(lib_a-nano-msizer.o)
                0x00029948                _malloc_usable_size_r
 .text._sbrk    0x00029958       0x1c e:/personal/installed/gnu tools arm embedded/7 2017-q4-major/bin/../lib/gcc/arm-none-eabi/7.2.1/../../../../arm-none-eabi/lib/thumb/v6-m\libnosys.a(sbrk.o)
                0x00029958                _sbrk
 *(.init)
 .init          0x00029974        0x4 e:/personal/installed/gnu tools arm embedded/7 2017-q4-major/bin/../lib/gcc/arm-none-eabi/7.2.1/thumb/v6-m/crti.o
                0x00029974                _init
 .init          0x00029978        0x8 e:/personal/installed/gnu tools arm embedded/7 2017-q4-major/bin/../lib/gcc/arm-none-eabi/7.2.1/thumb/v6-m/crtn.o
 *(.fini)
 .fini          0x00029980        0x4 e:/personal/installed/gnu tools arm embedded/7 2017-q4-major/bin/../lib/gcc/arm-none-eabi/7.2.1/thumb/v6-m/crti.o
                0x00029980                _fini
 .fini          0x00029984        0x8 e:/personal/installed/gnu tools arm embedded/7 2017-q4-major/bin/../lib/gcc/arm-none-eabi/7.2.1/thumb/v6-m/crtn.o
 *crtbegin.o(.ctors)
 *crtbegin?.o(.ctors)
 *(EXCLUDE_FILE(*crtend.o *crtend?.o) .ctors)
 *(SORT_BY_NAME(.ctors.*))
 *(.ctors)
 *crtbegin.o(.dtors)
 *crtbegin?.o(.dtors)
 *(EXCLUDE_FILE(*crtend.o *crtend?.o) .dtors)
 *(SORT_BY_NAME(.dtors.*))
 *(.dtors)
 *(.rodata*)
 .rodata._global_impure_ptr
                0x0002998c        0x4 e:/personal/installed/gnu tools arm embedded/7 2017-q4-major/bin/../lib/gcc/arm-none-eabi/7.2.1/../../../../arm-none-eabi/lib/thumb/v6-m\libc_nano.a(lib_a-impure.o)
                0x0002998c                _global_impure_ptr
 .rodata.nrf_log_backend_serial_std_handler
                0x00029990       0x38 _build/nrf51422_xxac_nrf_log_backend_serial.c.o
 .rodata        0x000299c8       0x20 _build/nrf51422_xxac_nrf_log_backend_serial.c.o
 .rodata.nrf_log_backend_serial_hexdump_handler.str1.4
                0x000299e8        0x7 _build/nrf51422_xxac_nrf_log_backend_serial.c.o
 *fill*         0x000299ef        0x1 
 .rodata.nrf_log_frontend_std_0.str1.4
                0x000299f0        0xb _build/nrf51422_xxac_nrf_log_frontend.c.o
 *fill*         0x000299fb        0x1 
 .rodata.m_detection_delay_timer_id
                0x000299fc        0x4 _build/nrf51422_xxac_app_button.c.o
 .rodata.app_error_fault_handler.str1.4
                0x00029a00       0x18 _build/nrf51422_xxac_app_error_weak.c.o
 .rodata.queue_process
                0x00029a18       0xb4 _build/nrf51422_xxac_fds.c.o
 .rodata.fds_init
                0x00029acc       0x30 _build/nrf51422_xxac_fds.c.o
 .rodata.m_fds_tl_dirty
                0x00029afc        0x4 _build/nrf51422_xxac_fds.c.o
 .rodata.page_tag_data.6289
                0x00029b00        0x8 _build/nrf51422_xxac_fds.c.o
 .rodata.page_tag_swap.6285
                0x00029b08        0x8 _build/nrf51422_xxac_fds.c.o
 .rodata.m_board_btn_list
                0x00029b10        0x4 _build/nrf51422_xxac_boards.c.o
 .rodata.m_board_led_list
                0x00029b14        0x4 _build/nrf51422_xxac_boards.c.o
 .rodata.leds_timer_handler
                0x00029b18       0x60 _build/nrf51422_xxac_bsp.c.o
 .rodata.bsp_indication_set
                0x00029b78       0x60 _build/nrf51422_xxac_bsp.c.o
 .rodata.app_buttons
                0x00029bd8       0x20 _build/nrf51422_xxac_bsp.c.o
 .rodata.m_alert_timer_id
                0x00029bf8        0x4 _build/nrf51422_xxac_bsp.c.o
 .rodata.m_button_timer_id
                0x00029bfc        0x4 _build/nrf51422_xxac_bsp.c.o
 .rodata.m_leds_timer_id
                0x00029c00        0x4 _build/nrf51422_xxac_bsp.c.o
 .rodata.on_adv_evt
                0x00029c04       0x20 _build/nrf51422_xxac_main.c.o
 .rodata.on_cts_c_evt
                0x00029c24       0x14 _build/nrf51422_xxac_main.c.o
 .rodata.pm_evt_handler
                0x00029c38       0x3c _build/nrf51422_xxac_main.c.o
 .rodata        0x00029c74        0x4 _build/nrf51422_xxac_main.c.o
 .rodata.ble_evt_dispatch.str1.4
                0x00029c78       0x31 _build/nrf51422_xxac_main.c.o
 *fill*         0x00029ca9        0x3 
 .rodata.bsp_event_handler.str1.4
                0x00029cac       0x33 _build/nrf51422_xxac_main.c.o
 *fill*         0x00029cdf        0x1 
 .rodata.day_of_week
                0x00029ce0       0x20 _build/nrf51422_xxac_main.c.o
 .rodata.m_sec_req_timer_id
                0x00029d00        0x4 _build/nrf51422_xxac_main.c.o
 .rodata.main.str1.4
                0x00029d04       0x3e _build/nrf51422_xxac_main.c.o
 *fill*         0x00029d42        0x2 
 .rodata.month_of_year
                0x00029d44       0x34 _build/nrf51422_xxac_main.c.o
 .rodata.on_adv_evt.str1.4
                0x00029d78       0x9f _build/nrf51422_xxac_main.c.o
 *fill*         0x00029e17        0x1 
 .rodata.on_cts_c_evt.str1.4
                0x00029e18      0x302 _build/nrf51422_xxac_main.c.o
 *fill*         0x0002a11a        0x2 
 .rodata.pm_evt_handler.str1.4
                0x0002a11c       0x7c _build/nrf51422_xxac_main.c.o
 .rodata.str1.4
                0x0002a198       0xb7 _build/nrf51422_xxac_main.c.o
 *fill*         0x0002a24f        0x1 
 .rodata.ble_advertising_start.part.1
                0x0002a250       0x14 _build/nrf51422_xxac_ble_advertising.c.o
 .rodata.m_conn_params_timer_id
                0x0002a264        0x4 _build/nrf51422_xxac_ble_conn_params.c.o
 .rodata.ble_db_discovery_on_ble_evt.str1.4
                0x0002a268       0xc3 _build/nrf51422_xxac_ble_db_discovery.c.o
 *fill*         0x0002a32b        0x1 
 .rodata.on_srv_disc_completion.str1.4
                0x0002a32c       0x59 _build/nrf51422_xxac_ble_db_discovery.c.o
 *fill*         0x0002a385        0x3 
 .rodata        0x0002a388       0x10 _build/nrf51422_xxac_gatts_cache_manager.c.o
 .rodata.service_changed_pending.7160
                0x0002a398        0x4 _build/nrf51422_xxac_gatts_cache_manager.c.o
 .rodata.service_changed_pending.7223
                0x0002a39c        0x4 _build/nrf51422_xxac_gatts_cache_manager.c.o
 .rodata.fds_evt_handler
                0x0002a3a0       0x18 _build/nrf51422_xxac_peer_data_storage.c.o
 .rodata.pdb_pds_evt_handler
                0x0002a3b8       0x50 _build/nrf51422_xxac_peer_database.c.o
 .rodata.m_evt_handlers
                0x0002a408       0x14 _build/nrf51422_xxac_peer_database.c.o
 .rodata.pm_pdb_evt_handler
                0x0002a41c       0x28 _build/nrf51422_xxac_peer_manager.c.o
 .rodata.pm_sm_evt_handler
                0x0002a444       0x34 _build/nrf51422_xxac_peer_manager.c.o
 .rodata.pm_gcm_evt_handler
                0x0002a478       0x28 _build/nrf51422_xxac_peer_manager.c.o
 .rodata        0x0002a4a0        0x8 _build/nrf51422_xxac_peer_manager.c.o
 .rodata.smd_ble_evt_handler
                0x0002a4a8       0x38 _build/nrf51422_xxac_security_dispatcher.c.o
 .rodata.ble_cts_c_on_db_disc_evt.str1.4
                0x0002a4e0       0x3a _build/nrf51422_xxac_ble_cts_c.c.o
 *fill*         0x0002a51a        0x2 
 .rodata.softdevice_enable.str1.4
                0x0002a51c       0xa0 _build/nrf51422_xxac_softdevice_handler.c.o
                                 0x9e (size before relaxing)
 .rodata._setlocale_r.str1.1
                0x0002a5bc        0x8 e:/personal/installed/gnu tools arm embedded/7 2017-q4-major/bin/../lib/gcc/arm-none-eabi/7.2.1/../../../../arm-none-eabi/lib/thumb/v6-m\libc_nano.a(lib_a-locale.o)
                                  0x9 (size before relaxing)
 .rodata.str1.1
                0x0002a5c4        0x2 e:/personal/installed/gnu tools arm embedded/7 2017-q4-major/bin/../lib/gcc/arm-none-eabi/7.2.1/../../../../arm-none-eabi/lib/thumb/v6-m\libc_nano.a(lib_a-locale.o)
 .rodata._ctype_
                0x0002a5c6      0x101 e:/personal/installed/gnu tools arm embedded/7 2017-q4-major/bin/../lib/gcc/arm-none-eabi/7.2.1/../../../../arm-none-eabi/lib/thumb/v6-m\libc_nano.a(lib_a-ctype_.o)
                0x0002a5c6                _ctype_
 .rodata._svfprintf_r.str1.1
                0x0002a6c7       0x11 e:/personal/installed/gnu tools arm embedded/7 2017-q4-major/bin/../lib/gcc/arm-none-eabi/7.2.1/../../../../arm-none-eabi/lib/thumb/v6-m\libc_nano.a(lib_a-nano-svfprintf.o)
 .rodata._printf_i.str1.1
                0x0002a6d8       0x22 e:/personal/installed/gnu tools arm embedded/7 2017-q4-major/bin/../lib/gcc/arm-none-eabi/7.2.1/../../../../arm-none-eabi/lib/thumb/v6-m\libc_nano.a(lib_a-nano-vfprintf_i.o)
 *(.eh_frame*)
 *fill*         0x0002a6fa        0x2 
 .eh_frame      0x0002a6fc        0x0 e:/personal/installed/gnu tools arm embedded/7 2017-q4-major/bin/../lib/gcc/arm-none-eabi/7.2.1/thumb/v6-m/crtbegin.o
 .eh_frame      0x0002a6fc        0x4 e:/personal/installed/gnu tools arm embedded/7 2017-q4-major/bin/../lib/gcc/arm-none-eabi/7.2.1/thumb/v6-m/crtend.o

.glue_7         0x0002a700        0x0
 .glue_7        0x0002a700        0x0 linker stubs

.glue_7t        0x0002a700        0x0
 .glue_7t       0x0002a700        0x0 linker stubs

.vfp11_veneer   0x0002a700        0x0
 .vfp11_veneer  0x0002a700        0x0 linker stubs

.v4_bx          0x0002a700        0x0
 .v4_bx         0x0002a700        0x0 linker stubs

.iplt           0x0002a700        0x0
 .iplt          0x0002a700        0x0 e:/personal/installed/gnu tools arm embedded/7 2017-q4-major/bin/../lib/gcc/arm-none-eabi/7.2.1/thumb/v6-m/crtbegin.o

.ARM.extab
 *(.ARM.extab* .gnu.linkonce.armextab.*)
                0x0002a700                __exidx_start = .

.ARM.exidx      0x0002a700        0x8
 *(.ARM.exidx* .gnu.linkonce.armexidx.*)
 .ARM.exidx     0x0002a700        0x8 e:/personal/installed/gnu tools arm embedded/7 2017-q4-major/bin/../lib/gcc/arm-none-eabi/7.2.1/../../../../arm-none-eabi/lib/thumb/v6-m/crt0.o
                0x0002a708                __exidx_end = .
                0x0002a708                __etext = .

.rel.dyn        0x0002a708        0x0
 .rel.iplt      0x0002a708        0x0 e:/personal/installed/gnu tools arm embedded/7 2017-q4-major/bin/../lib/gcc/arm-none-eabi/7.2.1/thumb/v6-m/crtbegin.o

.data           0x20001fe8      0x208 load address 0x0002a708
                0x20001fe8                __data_start__ = .
 *(vtable)
 *(.data*)
 .data._impure_ptr
                0x20001fe8        0x4 e:/personal/installed/gnu tools arm embedded/7 2017-q4-major/bin/../lib/gcc/arm-none-eabi/7.2.1/../../../../arm-none-eabi/lib/thumb/v6-m\libc_nano.a(lib_a-impure.o)
                0x20001fe8                _impure_ptr
 .data.impure_data
                0x20001fec       0x60 e:/personal/installed/gnu tools arm embedded/7 2017-q4-major/bin/../lib/gcc/arm-none-eabi/7.2.1/../../../../arm-none-eabi/lib/thumb/v6-m\libc_nano.a(lib_a-impure.o)
 .data.m_uart   0x2000204c        0x8 _build/nrf51422_xxac_nrf_log_backend_serial.c.o
 .data.m_adv_uuids
                0x20002054        0x4 _build/nrf51422_xxac_main.c.o
 .data.m_cur_conn_handle
                0x20002058        0x2 _build/nrf51422_xxac_main.c.o
 *fill*         0x2000205a        0x2 
 .data.m_whitelist
                0x2000205c       0x10 _build/nrf51422_xxac_ble_advertising.c.o
 .data.m_flag_sec_proc
                0x2000206c        0x1 _build/nrf51422_xxac_security_dispatcher.c.o
 .data.m_flag_sec_proc_new_peer
                0x2000206d        0x1 _build/nrf51422_xxac_security_dispatcher.c.o
 .data.m_flag_sec_proc_pairing
                0x2000206e        0x1 _build/nrf51422_xxac_security_dispatcher.c.o
 .data.m_flag_link_secure_force_repairing
                0x2000206f        0x1 _build/nrf51422_xxac_security_manager.c.o
 .data.m_flag_link_secure_null_params
                0x20002070        0x1 _build/nrf51422_xxac_security_manager.c.o
 .data.m_flag_link_secure_pending_busy
                0x20002071        0x1 _build/nrf51422_xxac_security_manager.c.o
 .data.m_flag_link_secure_pending_flash_full
                0x20002072        0x1 _build/nrf51422_xxac_security_manager.c.o
 .data.m_flag_params_reply_pending_busy
                0x20002073        0x1 _build/nrf51422_xxac_security_manager.c.o
 .data.m_flag_params_reply_pending_flash_full
                0x20002074        0x1 _build/nrf51422_xxac_security_manager.c.o
 .data.m_flag_reject_pairing
                0x20002075        0x1 _build/nrf51422_xxac_security_manager.c.o
 *fill*         0x20002076        0x2 
 .data.SystemCoreClock
                0x20002078        0x4 _build/nrf51422_xxac_system_nrf51.c.o
                0x20002078                SystemCoreClock
 .data.__global_locale
                0x2000207c      0x16c e:/personal/installed/gnu tools arm embedded/7 2017-q4-major/bin/../lib/gcc/arm-none-eabi/7.2.1/../../../../arm-none-eabi/lib/thumb/v6-m\libc_nano.a(lib_a-locale.o)
                0x2000207c                __global_locale
                0x200021e8                . = ALIGN (0x4)
                0x200021e8                PROVIDE (__preinit_array_start, .)
 *(.preinit_array)
                0x200021e8                PROVIDE (__preinit_array_end, .)
                0x200021e8                . = ALIGN (0x4)
                0x200021e8                PROVIDE (__init_array_start, .)
 *(SORT_BY_NAME(.init_array.*))
 *(.init_array)
 .init_array    0x200021e8        0x4 e:/personal/installed/gnu tools arm embedded/7 2017-q4-major/bin/../lib/gcc/arm-none-eabi/7.2.1/thumb/v6-m/crtbegin.o
                0x200021ec                PROVIDE (__init_array_end, .)
                0x200021ec                . = ALIGN (0x4)
                [!provide]                PROVIDE (__fini_array_start, .)
 *(SORT_BY_NAME(.fini_array.*))
 *(.fini_array)
 .fini_array    0x200021ec        0x4 e:/personal/installed/gnu tools arm embedded/7 2017-q4-major/bin/../lib/gcc/arm-none-eabi/7.2.1/thumb/v6-m/crtbegin.o
                [!provide]                PROVIDE (__fini_array_end, .)
 *(.jcr*)
                0x200021f0                . = ALIGN (0x4)
                0x200021f0                __data_end__ = .
LOAD e:/personal/installed/gnu tools arm embedded/7 2017-q4-major/bin/../lib/gcc/arm-none-eabi/7.2.1/thumb/v6-m/crti.o
LOAD e:/personal/installed/gnu tools arm embedded/7 2017-q4-major/bin/../lib/gcc/arm-none-eabi/7.2.1/thumb/v6-m/crtbegin.o
LOAD e:/personal/installed/gnu tools arm embedded/7 2017-q4-major/bin/../lib/gcc/arm-none-eabi/7.2.1/../../../../arm-none-eabi/lib/thumb/v6-m/crt0.o
LOAD e:/personal/installed/gnu tools arm embedded/7 2017-q4-major/bin/../lib/gcc/arm-none-eabi/7.2.1/../../../../arm-none-eabi/lib/thumb/v6-m\libc_nano.a
LOAD e:/personal/installed/gnu tools arm embedded/7 2017-q4-major/bin/../lib/gcc/arm-none-eabi/7.2.1/../../../../arm-none-eabi/lib/thumb/v6-m\libnosys.a
LOAD _build/nrf51422_xxac_nrf_log_backend_serial.c.o
LOAD _build/nrf51422_xxac_nrf_log_frontend.c.o
LOAD _build/nrf51422_xxac_app_button.c.o
LOAD _build/nrf51422_xxac_app_error.c.o
LOAD _build/nrf51422_xxac_app_error_weak.c.o
LOAD _build/nrf51422_xxac_app_scheduler.c.o
LOAD _build/nrf51422_xxac_app_timer.c.o
LOAD _build/nrf51422_xxac_app_timer_appsh.c.o
LOAD _build/nrf51422_xxac_app_util_platform.c.o
LOAD _build/nrf51422_xxac_crc16.c.o
LOAD _build/nrf51422_xxac_fds.c.o
LOAD _build/nrf51422_xxac_fstorage.c.o
LOAD _build/nrf51422_xxac_hardfault_implementation.c.o
LOAD _build/nrf51422_xxac_nrf_assert.c.o
LOAD _build/nrf51422_xxac_sdk_errors.c.o
LOAD _build/nrf51422_xxac_sdk_mapped_flags.c.o
LOAD _build/nrf51422_xxac_boards.c.o
LOAD _build/nrf51422_xxac_nrf_drv_clock.c.o
LOAD _build/nrf51422_xxac_nrf_drv_common.c.o
LOAD _build/nrf51422_xxac_nrf_drv_gpiote.c.o
LOAD _build/nrf51422_xxac_nrf_drv_uart.c.o
LOAD _build/nrf51422_xxac_bsp.c.o
LOAD _build/nrf51422_xxac_bsp_btn_ble.c.o
LOAD _build/nrf51422_xxac_bsp_nfc.c.o
LOAD _build/nrf51422_xxac_main.c.o
LOAD _build/nrf51422_xxac_RTT_Syscalls_GCC.c.o
LOAD _build/nrf51422_xxac_SEGGER_RTT.c.o
LOAD _build/nrf51422_xxac_SEGGER_RTT_printf.c.o
LOAD _build/nrf51422_xxac_ble_advdata.c.o
LOAD _build/nrf51422_xxac_ble_advertising.c.o
LOAD _build/nrf51422_xxac_ble_conn_params.c.o
LOAD _build/nrf51422_xxac_ble_conn_state.c.o
LOAD _build/nrf51422_xxac_ble_db_discovery.c.o
LOAD _build/nrf51422_xxac_ble_srv_common.c.o
LOAD _build/nrf51422_xxac_gatt_cache_manager.c.o
LOAD _build/nrf51422_xxac_gatts_cache_manager.c.o
LOAD _build/nrf51422_xxac_id_manager.c.o
LOAD _build/nrf51422_xxac_peer_data.c.o
LOAD _build/nrf51422_xxac_peer_data_storage.c.o
LOAD _build/nrf51422_xxac_peer_database.c.o
LOAD _build/nrf51422_xxac_peer_id.c.o
LOAD _build/nrf51422_xxac_peer_manager.c.o
LOAD _build/nrf51422_xxac_pm_buffer.c.o
LOAD _build/nrf51422_xxac_pm_mutex.c.o
LOAD _build/nrf51422_xxac_security_dispatcher.c.o
LOAD _build/nrf51422_xxac_security_manager.c.o
LOAD _build/nrf51422_xxac_gcc_startup_nrf51.S.o
LOAD _build/nrf51422_xxac_system_nrf51.c.o
LOAD _build/nrf51422_xxac_ble_cts_c.c.o
LOAD _build/nrf51422_xxac_softdevice_handler.c.o
LOAD e:/personal/installed/gnu tools arm embedded/7 2017-q4-major/bin/../lib/gcc/arm-none-eabi/7.2.1/../../../../arm-none-eabi/lib/thumb/v6-m\libm.a
START GROUP
LOAD e:/personal/installed/gnu tools arm embedded/7 2017-q4-major/bin/../lib/gcc/arm-none-eabi/7.2.1/thumb/v6-m\libgcc.a
LOAD e:/personal/installed/gnu tools arm embedded/7 2017-q4-major/bin/../lib/gcc/arm-none-eabi/7.2.1/../../../../arm-none-eabi/lib/thumb/v6-m\libc_nano.a
END GROUP
START GROUP
LOAD e:/personal/installed/gnu tools arm embedded/7 2017-q4-major/bin/../lib/gcc/arm-none-eabi/7.2.1/thumb/v6-m\libgcc.a
LOAD e:/personal/installed/gnu tools arm embedded/7 2017-q4-major/bin/../lib/gcc/arm-none-eabi/7.2.1/../../../../arm-none-eabi/lib/thumb/v6-m\libc_nano.a
END GROUP
LOAD e:/personal/installed/gnu tools arm embedded/7 2017-q4-major/bin/../lib/gcc/arm-none-eabi/7.2.1/thumb/v6-m/crtend.o
LOAD e:/personal/installed/gnu tools arm embedded/7 2017-q4-major/bin/../lib/gcc/arm-none-eabi/7.2.1/thumb/v6-m/crtn.o
START GROUP
LOAD e:/personal/installed/gnu tools arm embedded/7 2017-q4-major/bin/../lib/gcc/arm-none-eabi/7.2.1/thumb/v6-m\libgcc.a
LOAD e:/personal/installed/gnu tools arm embedded/7 2017-q4-major/bin/../lib/gcc/arm-none-eabi/7.2.1/../../../../arm-none-eabi/lib/thumb/v6-m\libc.a
LOAD e:/personal/installed/gnu tools arm embedded/7 2017-q4-major/bin/../lib/gcc/arm-none-eabi/7.2.1/../../../../arm-none-eabi/lib/thumb/v6-m\libnosys.a
END GROUP

.igot.plt       0x200021f0        0x0 load address 0x0002a910
 .igot.plt      0x200021f0        0x0 e:/personal/installed/gnu tools arm embedded/7 2017-q4-major/bin/../lib/gcc/arm-none-eabi/7.2.1/thumb/v6-m/crtbegin.o

.fs_data        0x200021f0       0x10 load address 0x0002a910
                0x200021f0                PROVIDE (__start_fs_data, .)
 *(.fs_data)
 .fs_data       0x200021f0       0x10 _build/nrf51422_xxac_fds.c.o
                0x20002200                PROVIDE (__stop_fs_data, .)

.pwr_mgmt_data  0x20002200        0x0
                [!provide]                PROVIDE (__start_pwr_mgmt_data, .)
 *(.pwr_mgmt_data)
                [!provide]                PROVIDE (__stop_pwr_mgmt_data, .)

.bss            0x20002200     0x1624 load address 0x0002a920
                0x20002200                . = ALIGN (0x4)
                0x20002200                __bss_start__ = .
 *(.bss*)
 .bss           0x20002200       0x1c e:/personal/installed/gnu tools arm embedded/7 2017-q4-major/bin/../lib/gcc/arm-none-eabi/7.2.1/thumb/v6-m/crtbegin.o
 .bss.m_blocking_mode
                0x2000221c        0x1 _build/nrf51422_xxac_nrf_log_backend_serial.c.o
 .bss.m_initialized
                0x2000221d        0x1 _build/nrf51422_xxac_nrf_log_backend_serial.c.o
 .bss.m_rx_done
                0x2000221e        0x1 _build/nrf51422_xxac_nrf_log_backend_serial.c.o
 *fill*         0x2000221f        0x1 
 .bss.m_uart_buffer
                0x20002220      0x100 _build/nrf51422_xxac_nrf_log_backend_serial.c.o
 .bss.m_log_data
                0x20002320      0x418 _build/nrf51422_xxac_nrf_log_frontend.c.o
 .bss.m_button_count
                0x20002738        0x1 _build/nrf51422_xxac_app_button.c.o
 *fill*         0x20002739        0x3 
 .bss.m_detection_delay
                0x2000273c        0x4 _build/nrf51422_xxac_app_button.c.o
 .bss.m_detection_delay_timer_id_data
                0x20002740       0x20 _build/nrf51422_xxac_app_button.c.o
 .bss.m_pin_state
                0x20002760        0x4 _build/nrf51422_xxac_app_button.c.o
 .bss.m_pin_transition
                0x20002764        0x4 _build/nrf51422_xxac_app_button.c.o
 .bss.mp_buttons
                0x20002768        0x4 _build/nrf51422_xxac_app_button.c.o
 .bss.m_queue_end_index
                0x2000276c        0x1 _build/nrf51422_xxac_app_scheduler.c.o
 *fill*         0x2000276d        0x3 
 .bss.m_queue_event_data
                0x20002770        0x4 _build/nrf51422_xxac_app_scheduler.c.o
 .bss.m_queue_event_headers
                0x20002774        0x4 _build/nrf51422_xxac_app_scheduler.c.o
 .bss.m_queue_event_size
                0x20002778        0x2 _build/nrf51422_xxac_app_scheduler.c.o
 .bss.m_queue_size
                0x2000277a        0x2 _build/nrf51422_xxac_app_scheduler.c.o
 .bss.m_queue_start_index
                0x2000277c        0x1 _build/nrf51422_xxac_app_scheduler.c.o
 *fill*         0x2000277d        0x3 
 .bss.m_evt_schedule_func
                0x20002780        0x4 _build/nrf51422_xxac_app_timer.c.o
 .bss.m_op_queue
                0x20002784        0x8 _build/nrf51422_xxac_app_timer.c.o
 .bss.m_rtc1_reset
                0x2000278c        0x1 _build/nrf51422_xxac_app_timer.c.o
 .bss.m_rtc1_running
                0x2000278d        0x1 _build/nrf51422_xxac_app_timer.c.o
 *fill*         0x2000278e        0x2 
 .bss.m_ticks_elapsed
                0x20002790        0x8 _build/nrf51422_xxac_app_timer.c.o
 .bss.m_ticks_elapsed_q_read_ind
                0x20002798        0x1 _build/nrf51422_xxac_app_timer.c.o
 .bss.m_ticks_elapsed_q_write_ind
                0x20002799        0x1 _build/nrf51422_xxac_app_timer.c.o
 *fill*         0x2000279a        0x2 
 .bss.m_ticks_latest
                0x2000279c        0x4 _build/nrf51422_xxac_app_timer.c.o
 .bss.mp_timer_id_head
                0x200027a0        0x4 _build/nrf51422_xxac_app_timer.c.o
 .bss.desc.6518
                0x200027a4        0xc _build/nrf51422_xxac_fds.c.o
 .bss.m_cb_table
                0x200027b0       0x20 _build/nrf51422_xxac_fds.c.o
 .bss.m_chunk_queue
                0x200027d0       0x48 _build/nrf51422_xxac_fds.c.o
 .bss.m_flags   0x20002818        0x1 _build/nrf51422_xxac_fds.c.o
 *fill*         0x20002819        0x3 
 .bss.m_gc      0x2000281c       0x10 _build/nrf51422_xxac_fds.c.o
 .bss.m_latest_rec_id
                0x2000282c        0x4 _build/nrf51422_xxac_fds.c.o
 .bss.m_op_queue
                0x20002830       0x78 _build/nrf51422_xxac_fds.c.o
 .bss.m_pages   0x200028a8       0x20 _build/nrf51422_xxac_fds.c.o
 .bss.m_swap_page
                0x200028c8        0x8 _build/nrf51422_xxac_fds.c.o
 .bss.m_users   0x200028d0        0x1 _build/nrf51422_xxac_fds.c.o
 *fill*         0x200028d1        0x1 
 .bss.page.6519
                0x200028d2        0x2 _build/nrf51422_xxac_fds.c.o
 .bss.tok.6424  0x200028d4        0x8 _build/nrf51422_xxac_fds.c.o
 .bss.m_flags   0x200028dc        0x1 _build/nrf51422_xxac_fstorage.c.o
 *fill*         0x200028dd        0x3 
 .bss.m_queue   0x200028e0       0x68 _build/nrf51422_xxac_fstorage.c.o
 .bss.m_retry_count
                0x20002948        0x1 _build/nrf51422_xxac_fstorage.c.o
 *fill*         0x20002949        0x3 
 .bss.m_clock_cb
                0x2000294c       0x14 _build/nrf51422_xxac_nrf_drv_clock.c.o
 .bss.m_cb      0x20002960       0x48 _build/nrf51422_xxac_nrf_drv_gpiote.c.o
 .bss.m_cb      0x200029a8       0x1c _build/nrf51422_xxac_nrf_drv_uart.c.o
 .bss.current_long_push_pin_no.6092
                0x200029c4        0x1 _build/nrf51422_xxac_bsp.c.o
 *fill*         0x200029c5        0x3 
 .bss.m_alert_timer_id_data
                0x200029c8       0x20 _build/nrf51422_xxac_bsp.c.o
 .bss.m_app_ticks_per_100ms
                0x200029e8        0x4 _build/nrf51422_xxac_bsp.c.o
 .bss.m_button_timer_id_data
                0x200029ec       0x20 _build/nrf51422_xxac_bsp.c.o
 .bss.m_events_list
                0x20002a0c        0xc _build/nrf51422_xxac_bsp.c.o
 .bss.m_indication_type
                0x20002a18        0x4 _build/nrf51422_xxac_bsp.c.o
 .bss.m_leds_clear
                0x20002a1c        0x1 _build/nrf51422_xxac_bsp.c.o
 *fill*         0x20002a1d        0x3 
 .bss.m_leds_timer_id_data
                0x20002a20       0x20 _build/nrf51422_xxac_bsp.c.o
 .bss.m_registered_callback
                0x20002a40        0x4 _build/nrf51422_xxac_bsp.c.o
 .bss.m_stable_state
                0x20002a44        0x1 _build/nrf51422_xxac_bsp.c.o
 *fill*         0x20002a45        0x3 
 .bss.release_event_at_push.6093
                0x20002a48        0x4 _build/nrf51422_xxac_bsp.c.o
 .bss.m_error_handler
                0x20002a4c        0x4 _build/nrf51422_xxac_bsp_btn_ble.c.o
 .bss.m_num_connections
                0x20002a50        0x4 _build/nrf51422_xxac_bsp_btn_ble.c.o
 .bss.APP_SCHED_BUF.8972
                0x20002a54       0xb0 _build/nrf51422_xxac_main.c.o
 .bss.APP_TIMER_BUF.8843
                0x20002b04       0x78 _build/nrf51422_xxac_main.c.o
 .bss.BLE_EVT_BUFFER.8961
                0x20002b7c       0x48 _build/nrf51422_xxac_main.c.o
 .bss.m_ble_db_discovery
                0x20002bc4      0x260 _build/nrf51422_xxac_main.c.o
 .bss.m_cts     0x20002e24       0x10 _build/nrf51422_xxac_main.c.o
 .bss.m_is_wl_changed
                0x20002e34        0x1 _build/nrf51422_xxac_main.c.o
 *fill*         0x20002e35        0x1 
 .bss.m_peer_id
                0x20002e36        0x2 _build/nrf51422_xxac_main.c.o
 .bss.m_sec_req_timer_id_data
                0x20002e38       0x20 _build/nrf51422_xxac_main.c.o
 .bss.m_whitelist_peer_cnt
                0x20002e58        0x4 _build/nrf51422_xxac_main.c.o
 .bss.m_whitelist_peers
                0x20002e5c       0x10 _build/nrf51422_xxac_main.c.o
 .bss.m_adv_evt
                0x20002e6c        0x1 _build/nrf51422_xxac_ble_advertising.c.o
 .bss.m_adv_mode_current
                0x20002e6d        0x1 _build/nrf51422_xxac_ble_advertising.c.o
 *fill*         0x20002e6e        0x2 
 .bss.m_adv_modes_config
                0x20002e70       0x20 _build/nrf51422_xxac_ble_advertising.c.o
 .bss.m_advdata
                0x20002e90       0x3c _build/nrf51422_xxac_ble_advertising.c.o
 .bss.m_advertising_start_pending
                0x20002ecc        0x1 _build/nrf51422_xxac_ble_advertising.c.o
 *fill*         0x20002ecd        0x1 
 .bss.m_current_slave_link_conn_handle
                0x20002ece        0x2 _build/nrf51422_xxac_ble_advertising.c.o
 .bss.m_error_handler
                0x20002ed0        0x4 _build/nrf51422_xxac_ble_advertising.c.o
 .bss.m_evt_handler
                0x20002ed4        0x4 _build/nrf51422_xxac_ble_advertising.c.o
 .bss.m_initialized
                0x20002ed8        0x1 _build/nrf51422_xxac_ble_advertising.c.o
 *fill*         0x20002ed9        0x3 
 .bss.m_manuf_data_array
                0x20002edc       0x1f _build/nrf51422_xxac_ble_advertising.c.o
 *fill*         0x20002efb        0x1 
 .bss.m_manuf_specific_data
                0x20002efc        0xc _build/nrf51422_xxac_ble_advertising.c.o
 .bss.m_p_whitelist_addrs
                0x20002f08       0x20 _build/nrf51422_xxac_ble_advertising.c.o
 .bss.m_p_whitelist_irks
                0x20002f28       0x20 _build/nrf51422_xxac_ble_advertising.c.o
 .bss.m_peer_addr_reply_expected
                0x20002f48        0x1 _build/nrf51422_xxac_ble_advertising.c.o
 *fill*         0x20002f49        0x3 
 .bss.m_peer_address
                0x20002f4c        0x7 _build/nrf51422_xxac_ble_advertising.c.o
 *fill*         0x20002f53        0x1 
 .bss.m_service_data
                0x20002f54        0xc _build/nrf51422_xxac_ble_advertising.c.o
 .bss.m_service_data_array
                0x20002f60       0x1f _build/nrf51422_xxac_ble_advertising.c.o
 *fill*         0x20002f7f        0x1 
 .bss.m_slave_conn_int
                0x20002f80        0x4 _build/nrf51422_xxac_ble_advertising.c.o
 .bss.m_whitelist_addrs
                0x20002f84       0x38 _build/nrf51422_xxac_ble_advertising.c.o
 .bss.m_whitelist_irks
                0x20002fbc       0x80 _build/nrf51422_xxac_ble_advertising.c.o
 .bss.m_whitelist_reply_expected
                0x2000303c        0x1 _build/nrf51422_xxac_ble_advertising.c.o
 .bss.m_whitelist_temporarily_disabled
                0x2000303d        0x1 _build/nrf51422_xxac_ble_advertising.c.o
 .bss.m_change_param
                0x2000303e        0x1 _build/nrf51422_xxac_ble_conn_params.c.o
 *fill*         0x2000303f        0x1 
 .bss.m_conn_handle
                0x20003040        0x2 _build/nrf51422_xxac_ble_conn_params.c.o
 *fill*         0x20003042        0x2 
 .bss.m_conn_params_config
                0x20003044       0x1c _build/nrf51422_xxac_ble_conn_params.c.o
 .bss.m_conn_params_timer_id_data
                0x20003060       0x20 _build/nrf51422_xxac_ble_conn_params.c.o
 .bss.m_current_conn_params
                0x20003080        0x8 _build/nrf51422_xxac_ble_conn_params.c.o
 .bss.m_preferred_conn_params
                0x20003088        0x8 _build/nrf51422_xxac_ble_conn_params.c.o
 .bss.m_update_count
                0x20003090        0x1 _build/nrf51422_xxac_ble_conn_params.c.o
 *fill*         0x20003091        0x3 
 .bss.m_bcs     0x20003094       0x34 _build/nrf51422_xxac_ble_conn_state.c.o
 .bss.m_evt_handler
                0x200030c8        0x4 _build/nrf51422_xxac_ble_db_discovery.c.o
 .bss.m_initialized
                0x200030cc        0x1 _build/nrf51422_xxac_ble_db_discovery.c.o
 *fill*         0x200030cd        0x3 
 .bss.m_num_of_handlers_reg
                0x200030d0        0x4 _build/nrf51422_xxac_ble_db_discovery.c.o
 .bss.m_pending_user_evts
                0x200030d4      0x288 _build/nrf51422_xxac_ble_db_discovery.c.o
 .bss.m_pending_usr_evt_index
                0x2000335c        0x4 _build/nrf51422_xxac_ble_db_discovery.c.o
 .bss.m_registered_handlers
                0x20003360       0x18 _build/nrf51422_xxac_ble_db_discovery.c.o
 .bss.m_flag_local_db_apply_pending
                0x20003378        0x1 _build/nrf51422_xxac_gatt_cache_manager.c.o
 .bss.m_flag_local_db_update_pending
                0x20003379        0x1 _build/nrf51422_xxac_gatt_cache_manager.c.o
 .bss.m_flag_service_changed_pending
                0x2000337a        0x1 _build/nrf51422_xxac_gatt_cache_manager.c.o
 .bss.m_flag_service_changed_sent
                0x2000337b        0x1 _build/nrf51422_xxac_gatt_cache_manager.c.o
 .bss.m_current_sc_store_peer_id
                0x2000337c        0x2 _build/nrf51422_xxac_gatts_cache_manager.c.o
 .bss.start_handle.7215
                0x2000337e        0x2 _build/nrf51422_xxac_gatts_cache_manager.c.o
 .bss.m_conn_state_user_flag_id
                0x20003380        0x1 _build/nrf51422_xxac_id_manager.c.o
 *fill*         0x20003381        0x3 
 .bss.m_connections
                0x20003384       0x60 _build/nrf51422_xxac_id_manager.c.o
 .bss.m_current_id_addr
                0x200033e4        0x7 _build/nrf51422_xxac_id_manager.c.o
 .bss.m_wlisted_peer_cnt
                0x200033eb        0x1 _build/nrf51422_xxac_id_manager.c.o
 .bss.m_wlisted_peers
                0x200033ec       0x10 _build/nrf51422_xxac_id_manager.c.o
 .bss.m_fds_ftok
                0x200033fc        0x8 _build/nrf51422_xxac_peer_data_storage.c.o
 .bss.m_peer_delete_ongoing
                0x20003404        0x1 _build/nrf51422_xxac_peer_data_storage.c.o
 .bss.m_peer_delete_queued
                0x20003405        0x1 _build/nrf51422_xxac_peer_data_storage.c.o
 *fill*         0x20003406        0x2 
 .bss.buffer_memory.7237
                0x20003408      0x280 _build/nrf51422_xxac_peer_database.c.o
 .bss.m_n_writes
                0x20003688        0x4 _build/nrf51422_xxac_peer_database.c.o
 .bss.m_write_buffer
                0x2000368c       0x10 _build/nrf51422_xxac_peer_database.c.o
 .bss.m_write_buffer_records
                0x2000369c       0xa0 _build/nrf51422_xxac_peer_database.c.o
 .bss.mutex_memory.7238
                0x2000373c        0x1 _build/nrf51422_xxac_peer_database.c.o
 *fill*         0x2000373d        0x3 
 .bss.m_pi      0x20003740       0x40 _build/nrf51422_xxac_peer_id.c.o
 .bss.m_bonding_flag_id
                0x20003780        0x1 _build/nrf51422_xxac_peer_manager.c.o
 *fill*         0x20003781        0x3 
 .bss.m_current_highest_peer_rank
                0x20003784        0x4 _build/nrf51422_xxac_peer_manager.c.o
 .bss.m_deleting_all
                0x20003788        0x1 _build/nrf51422_xxac_peer_manager.c.o
 *fill*         0x20003789        0x3 
 .bss.m_evt_handlers
                0x2000378c        0xc _build/nrf51422_xxac_peer_manager.c.o
 .bss.m_highest_ranked_peer
                0x20003798        0x2 _build/nrf51422_xxac_peer_manager.c.o
 .bss.m_module_initialized
                0x2000379a        0x1 _build/nrf51422_xxac_peer_manager.c.o
 .bss.m_n_registrants
                0x2000379b        0x1 _build/nrf51422_xxac_peer_manager.c.o
 .bss.m_pairing_flag_id
                0x2000379c        0x1 _build/nrf51422_xxac_peer_manager.c.o
 .bss.m_peer_rank_initialized
                0x2000379d        0x1 _build/nrf51422_xxac_peer_manager.c.o
 *fill*         0x2000379e        0x2 
 .bss.m_peer_rank_token
                0x200037a0        0x4 _build/nrf51422_xxac_peer_manager.c.o
 .bss.m_peer_pk
                0x200037a4       0x40 _build/nrf51422_xxac_security_dispatcher.c.o
 .bss.m_p_public_key
                0x200037e4        0x4 _build/nrf51422_xxac_security_manager.c.o
 .bss.m_sec_params
                0x200037e8        0x5 _build/nrf51422_xxac_security_manager.c.o
 .bss.m_sec_params_valid
                0x200037ed        0x1 _build/nrf51422_xxac_security_manager.c.o
 *fill*         0x200037ee        0x2 
 .bss.cts_uuid.6202
                0x200037f0        0x4 _build/nrf51422_xxac_ble_cts_c.c.o
 .bss.m_ble_evt_buffer_size
                0x200037f4        0x2 _build/nrf51422_xxac_softdevice_handler.c.o
 *fill*         0x200037f6        0x2 
 .bss.m_ble_evt_handler
                0x200037f8        0x4 _build/nrf51422_xxac_softdevice_handler.c.o
 .bss.m_evt_schedule_func
                0x200037fc        0x4 _build/nrf51422_xxac_softdevice_handler.c.o
 .bss.m_softdevice_enabled
                0x20003800        0x1 _build/nrf51422_xxac_softdevice_handler.c.o
 .bss.m_suspended
                0x20003801        0x1 _build/nrf51422_xxac_softdevice_handler.c.o
 *fill*         0x20003802        0x2 
 .bss.m_sys_evt_handler
                0x20003804        0x4 _build/nrf51422_xxac_softdevice_handler.c.o
 .bss.mp_ble_evt_buffer
                0x20003808        0x4 _build/nrf51422_xxac_softdevice_handler.c.o
 .bss.__malloc_free_list
                0x2000380c        0x4 e:/personal/installed/gnu tools arm embedded/7 2017-q4-major/bin/../lib/gcc/arm-none-eabi/7.2.1/../../../../arm-none-eabi/lib/thumb/v6-m\libc_nano.a(lib_a-nano-mallocr.o)
                0x2000380c                __malloc_free_list
 .bss.__malloc_sbrk_start
                0x20003810        0x4 e:/personal/installed/gnu tools arm embedded/7 2017-q4-major/bin/../lib/gcc/arm-none-eabi/7.2.1/../../../../arm-none-eabi/lib/thumb/v6-m\libc_nano.a(lib_a-nano-mallocr.o)
                0x20003810                __malloc_sbrk_start
 .bss.heap_end.4102
                0x20003814        0x4 e:/personal/installed/gnu tools arm embedded/7 2017-q4-major/bin/../lib/gcc/arm-none-eabi/7.2.1/../../../../arm-none-eabi/lib/thumb/v6-m\libnosys.a(sbrk.o)
 *(COMMON)
 COMMON         0x20003818        0x8 _build/nrf51422_xxac_app_util_platform.c.o
                0x20003818                nrf_nvic_state
 COMMON         0x20003820        0x4 e:/personal/installed/gnu tools arm embedded/7 2017-q4-major/bin/../lib/gcc/arm-none-eabi/7.2.1/../../../../arm-none-eabi/lib/thumb/v6-m\libc_nano.a(lib_a-reent.o)
                0x20003820                errno
                0x20003824                . = ALIGN (0x4)
                0x20003824                __bss_end__ = .

.heap           0x20003828      0x800
                0x20003828                __HeapBase = .
                0x20003828                __end__ = .
                0x20003828                PROVIDE (end, .)
 *(.heap*)
 .heap          0x20003828      0x800 _build/nrf51422_xxac_gcc_startup_nrf51.S.o
                0x20004028                __HeapLimit = .

.stack_dummy    0x20003828      0x800
 *(.stack*)
 .stack         0x20003828      0x800 _build/nrf51422_xxac_gcc_startup_nrf51.S.o
                0x20008000                __StackTop = (ORIGIN (RAM) + LENGTH (RAM))
                0x20007800                __StackLimit = (__StackTop - SIZEOF (.stack_dummy))
                0x20008000                PROVIDE (__stack, __StackTop)
                0x00000001                ASSERT ((__StackLimit >= __HeapLimit), region RAM overflowed with stack)
OUTPUT(_build/nrf51422_xxac.out elf32-littlearm)

.ARM.attributes
                0x00000000       0x28
 .ARM.attributes
                0x00000000       0x1e e:/personal/installed/gnu tools arm embedded/7 2017-q4-major/bin/../lib/gcc/arm-none-eabi/7.2.1/thumb/v6-m/crti.o
 .ARM.attributes
                0x0000001e       0x2c e:/personal/installed/gnu tools arm embedded/7 2017-q4-major/bin/../lib/gcc/arm-none-eabi/7.2.1/thumb/v6-m/crtbegin.o
 .ARM.attributes